Archive member included to satisfy reference by file (symbol)

ym/microbit/source/microbit.a(MicroBit.cpp.o)
                              source/CMakeFiles/microbitv1template.dir/C_/Microbit/MicroBitV1Template/source/main.cpp.o (MicroBit::MicroBit())
ym/microbit-dal/source/microbit-dal.a(MicroBitDevice.cpp.o)
                              ym/microbit/source/microbit.a(MicroBit.cpp.o) (microbit_serial_number())
ym/microbit-dal/source/microbit-dal.a(MicroBitFiber.cpp.o)
                              ym/microbit/source/microbit.a(MicroBit.cpp.o) (scheduler_init(EventModel&))
ym/microbit-dal/source/microbit-dal.a(MicroBitFont.cpp.o)
                              ym/microbit-dal/source/microbit-dal.a(MicroBitDevice.cpp.o) (MicroBitFont::defaultFont)
ym/microbit-dal/source/microbit-dal.a(MicroBitHeapAllocator.cpp.o)
                              ym/microbit/source/microbit.a(MicroBit.cpp.o) (microbit_create_heap(unsigned long, unsigned long))
ym/microbit-dal/source/microbit-dal.a(MicroBitListener.cpp.o)
                              ym/microbit-dal/source/microbit-dal.a(MicroBitFiber.cpp.o) (MicroBitListener::MicroBitListener(unsigned short, unsigned short, void (*)(MicroBitEvent), unsigned short))
ym/microbit-dal/source/microbit-dal.a(MicroBitSystemTimer.cpp.o)
                              ym/microbit-dal/source/microbit-dal.a(MicroBitFiber.cpp.o) (system_timer_current_time())
ym/microbit-dal/source/microbit-dal.a(ManagedString.cpp.o)
                              source/CMakeFiles/microbitv1template.dir/C_/Microbit/MicroBitV1Template/source/main.cpp.o (ManagedString::~ManagedString())
ym/microbit-dal/source/microbit-dal.a(MicroBitEvent.cpp.o)
                              ym/microbit/source/microbit.a(MicroBit.cpp.o) (MicroBitEvent::MicroBitEvent())
ym/microbit-dal/source/microbit-dal.a(MicroBitImage.cpp.o)
                              ym/microbit/source/microbit.a(MicroBit.cpp.o) (MicroBitImage::setPixelValue(short, short, unsigned char))
ym/microbit-dal/source/microbit-dal.a(PacketBuffer.cpp.o)
                              ym/microbit-dal/source/microbit-dal.a(ManagedString.cpp.o) (PacketBuffer::getBytes())
ym/microbit-dal/source/microbit-dal.a(RefCounted.cpp.o)
                              ym/microbit-dal/source/microbit-dal.a(ManagedString.cpp.o) (RefCounted::init())
ym/microbit-dal/source/microbit-dal.a(MicroBitAccelerometer.cpp.o)
                              ym/microbit/source/microbit.a(MicroBit.cpp.o) (MicroBitAccelerometer::autoDetect(MicroBitI2C&))
ym/microbit-dal/source/microbit-dal.a(MicroBitButton.cpp.o)
                              source/CMakeFiles/microbitv1template.dir/C_/Microbit/MicroBitV1Template/source/main.cpp.o (MicroBitButton::~MicroBitButton())
ym/microbit-dal/source/microbit-dal.a(MicroBitCompass.cpp.o)
                              ym/microbit/source/microbit.a(MicroBit.cpp.o) (MicroBitCompass::autoDetect(MicroBitI2C&))
ym/microbit-dal/source/microbit-dal.a(MicroBitCompassCalibrator.cpp.o)
                              ym/microbit/source/microbit.a(MicroBit.cpp.o) (MicroBitCompassCalibrator::MicroBitCompassCalibrator(MicroBitCompass&, MicroBitAccelerometer&, MicroBitDisplay&, MicroBitStorage&))
ym/microbit-dal/source/microbit-dal.a(MicroBitDisplay.cpp.o)
                              source/CMakeFiles/microbitv1template.dir/C_/Microbit/MicroBitV1Template/source/main.cpp.o (MicroBitDisplay::~MicroBitDisplay())
ym/microbit-dal/source/microbit-dal.a(MicroBitI2C.cpp.o)
                              ym/microbit/source/microbit.a(MicroBit.cpp.o) (MicroBitI2C::MicroBitI2C(PinName, PinName))
ym/microbit-dal/source/microbit-dal.a(MicroBitIO.cpp.o)
                              ym/microbit/source/microbit.a(MicroBit.cpp.o) (MicroBitIO::MicroBitIO(int, int, int, int, int, int, int, int, int, int, int, int, int, int, int, int, int, int, int))
ym/microbit-dal/source/microbit-dal.a(MicroBitLightSensor.cpp.o)
                              ym/microbit-dal/source/microbit-dal.a(MicroBitDisplay.cpp.o) (MicroBitLightSensor::read())
ym/microbit-dal/source/microbit-dal.a(MicroBitMessageBus.cpp.o)
                              ym/microbit/source/microbit.a(MicroBit.cpp.o) (MicroBitMessageBus::add(MicroBitListener*))
ym/microbit-dal/source/microbit-dal.a(MicroBitMultiButton.cpp.o)
                              ym/microbit/source/microbit.a(MicroBit.cpp.o) (MicroBitMultiButton::MicroBitMultiButton(unsigned short, unsigned short, unsigned short))
ym/microbit-dal/source/microbit-dal.a(MicroBitPin.cpp.o)
                              ym/microbit-dal/source/microbit-dal.a(MicroBitAccelerometer.cpp.o) (MicroBitPin::MicroBitPin(int, PinName, PinCapability))
ym/microbit-dal/source/microbit-dal.a(MicroBitRadio.cpp.o)
                              ym/microbit/source/microbit.a(MicroBit.cpp.o) (MicroBitRadio::MicroBitRadio(unsigned short))
ym/microbit-dal/source/microbit-dal.a(MicroBitRadioDatagram.cpp.o)
[...]
Memory Configuration

Name             Origin             Length             Attributes
FLASH            0x00018000         0x00028000         xr
RAM              0x20002000         0x00002000         xrw
*default*        0x00000000         0xffffffff

Linker script and memory map

LOAD c:/progra~2/gnuarm~1/102020~1/bin/../lib/gcc/arm-none-eabi/10.2.1/thumb/v6-m/nofp/crti.o
LOAD c:/progra~2/gnuarm~1/102020~1/bin/../lib/gcc/arm-none-eabi/10.2.1/thumb/v6-m/nofp/crtbegin.o
LOAD c:/progra~2/gnuarm~1/102020~1/bin/../lib/gcc/arm-none-eabi/10.2.1/../../../../arm-none-eabi/lib/thumb/v6-m/nofp/crt0.o
START GROUP
LOAD source/CMakeFiles/microbitv1template.dir/C_/Microbit/MicroBitV1Template/source/main.cpp.o
LOAD ym/microbit/source/microbit.a
LOAD ym/microbit-dal/source/microbit-dal.a
LOAD ym/ble/source/ble.a
LOAD ym/ble-nrf51822/source/ble-nrf51822.a
LOAD ym/ble/source/ble.a
LOAD ym/ble-nrf51822/source/ble-nrf51822.a
LOAD ym/nrf51-sdk/source/nrf51-sdk.a
LOAD ym/mbed-classic/existing/mbed-classic.a
LOAD c:/progra~2/gnuarm~1/102020~1/bin/../lib/gcc/arm-none-eabi/10.2.1/../../../../arm-none-eabi/lib/thumb/v6-m/nofp\libnosys.a
LOAD c:/progra~2/gnuarm~1/102020~1/bin/../lib/gcc/arm-none-eabi/10.2.1/../../../../arm-none-eabi/lib/thumb/v6-m/nofp\libstdc++_nano.a
LOAD c:/progra~2/gnuarm~1/102020~1/bin/../lib/gcc/arm-none-eabi/10.2.1/../../../../arm-none-eabi/lib/thumb/v6-m/nofp\libsupc++_nano.a
LOAD c:/progra~2/gnuarm~1/102020~1/bin/../lib/gcc/arm-none-eabi/10.2.1/thumb/v6-m/nofp\libgcc.a
LOAD c:/progra~2/gnuarm~1/102020~1/bin/../lib/gcc/arm-none-eabi/10.2.1/../../../../arm-none-eabi/lib/thumb/v6-m/nofp\libstdc++_nano.a
LOAD c:/progra~2/gnuarm~1/102020~1/bin/../lib/gcc/arm-none-eabi/10.2.1/../../../../arm-none-eabi/lib/thumb/v6-m/nofp\libsupc++_nano.a
LOAD c:/progra~2/gnuarm~1/102020~1/bin/../lib/gcc/arm-none-eabi/10.2.1/../../../../arm-none-eabi/lib/thumb/v6-m/nofp\libm.a
LOAD c:/progra~2/gnuarm~1/102020~1/bin/../lib/gcc/arm-none-eabi/10.2.1/../../../../arm-none-eabi/lib/thumb/v6-m/nofp\libc_nano.a
LOAD c:/progra~2/gnuarm~1/102020~1/bin/../lib/gcc/arm-none-eabi/10.2.1/thumb/v6-m/nofp\libgcc.a
END GROUP
LOAD c:/progra~2/gnuarm~1/102020~1/bin/../lib/gcc/arm-none-eabi/10.2.1/../../../../arm-none-eabi/lib/thumb/v6-m/nofp\libstdc++_nano.a
LOAD c:/progra~2/gnuarm~1/102020~1/bin/../lib/gcc/arm-none-eabi/10.2.1/../../../../arm-none-eabi/lib/thumb/v6-m/nofp\libm.a
LOAD c:/progra~2/gnuarm~1/102020~1/bin/../lib/gcc/arm-none-eabi/10.2.1/../../../../arm-none-eabi/lib/thumb/v6-m/nofp\libc_nano.a
START GROUP
LOAD c:/progra~2/gnuarm~1/102020~1/bin/../lib/gcc/arm-none-eabi/10.2.1/thumb/v6-m/nofp\libgcc.a
LOAD c:/progra~2/gnuarm~1/102020~1/bin/../lib/gcc/arm-none-eabi/10.2.1/../../../../arm-none-eabi/lib/thumb/v6-m/nofp\libc_nano.a
END GROUP
START GROUP
LOAD c:/progra~2/gnuarm~1/102020~1/bin/../lib/gcc/arm-none-eabi/10.2.1/thumb/v6-m/nofp\libgcc.a
LOAD c:/progra~2/gnuarm~1/102020~1/bin/../lib/gcc/arm-none-eabi/10.2.1/../../../../arm-none-eabi/lib/thumb/v6-m/nofp\libc_nano.a
END GROUP
LOAD c:/progra~2/gnuarm~1/102020~1/bin/../lib/gcc/arm-none-eabi/10.2.1/thumb/v6-m/nofp/crtend.o
LOAD c:/progra~2/gnuarm~1/102020~1/bin/../lib/gcc/arm-none-eabi/10.2.1/thumb/v6-m/nofp/crtn.o

.text           0x00018000     0xea5c
 *(SORT_BY_ALIGNMENT(.Vectors))
 .Vectors       0x00018000       0xc0 ym/mbed-classic/existing/mbed-classic.a(startup_NRF51822.S.obj)
                0x00018000                __Vectors
 *(SORT_BY_ALIGNMENT(.text*))
 .text          0x000180c0       0x48 c:/progra~2/gnuarm~1/102020~1/bin/../lib/gcc/arm-none-eabi/10.2.1/thumb/v6-m/nofp/crtbegin.o
 .text          0x00018108       0x80 c:/progra~2/gnuarm~1/102020~1/bin/../lib/gcc/arm-none-eabi/10.2.1/../../../../arm-none-eabi/lib/thumb/v6-m/nofp/crt0.o
                0x00018108                _stack_init
                0x00018114                _start
                0x00018114                _mainCRTStartup
 .text._ZN14MicroBitSerialD2Ev
                0x00018188       0x18 source/CMakeFiles/microbitv1template.dir/C_/Microbit/MicroBitV1Template/source/main.cpp.o
                0x00018188                MicroBitSerial::~MicroBitSerial()
                0x00018188                MicroBitSerial::~MicroBitSerial()
 .text.startup.main
                0x000181a0       0x34 source/CMakeFiles/microbitv1template.dir/C_/Microbit/MicroBitV1Template/source/main.cpp.o
                0x000181a0                main
 .text.startup._GLOBAL__sub_I_uBit
                0x000181d4       0x24 source/CMakeFiles/microbitv1template.dir/C_/Microbit/MicroBitV1Template/source/main.cpp.o
 .text._ZN8MicroBitD2Ev
                0x000181f8       0x58 source/CMakeFiles/microbitv1template.dir/C_/Microbit/MicroBitV1Template/source/main.cpp.o
                0x000181f8                MicroBit::~MicroBit()
                0x000181f8                MicroBit::~MicroBit()
 .text._ZN8MicroBitC2Ev
                0x00018250      0x16c ym/microbit/source/microbit.a(MicroBit.cpp.o)
                0x00018250                MicroBit::MicroBit()
                0x00018250                MicroBit::MicroBit()
 .text._ZN8MicroBit4initEv
                0x000183bc      0x214 ym/microbit/source/microbit.a(MicroBit.cpp.o)
                0x000183bc                MicroBit::init()
 .text.NVIC_SystemReset
                0x000185d0       0x18 ym/microbit-dal/source/microbit-dal.a(MicroBitDevice.cpp.o)
 .text._Z22microbit_friendly_namev
                0x000185e8       0x6c ym/microbit-dal/source/microbit-dal.a(MicroBitDevice.cpp.o)
                0x000185e8                microbit_friendly_name()
 .text._Z14microbit_panici
                0x00018654      0x154 ym/microbit-dal/source/microbit-dal.a(MicroBitDevice.cpp.o)
                0x00018654                microbit_panic(int)
 .text._Z20microbit_seed_randomv
                0x000187a8       0x60 ym/microbit-dal/source/microbit-dal.a(MicroBitDevice.cpp.o)
                0x000187a8                microbit_seed_random()
 .text._Z14scheduler_tickv
                0x00018808       0x38 ym/microbit-dal/source/microbit-dal.a(MicroBitFiber.cpp.o)
                0x00018808                scheduler_tick()
 .text._Z15scheduler_event13MicroBitEvent
                0x00018840       0xcc ym/microbit-dal/source/microbit-dal.a(MicroBitFiber.cpp.o)
                0x00018840                scheduler_event(MicroBitEvent)
 .text._Z15getFiberContextv
                0x0001890c       0x4c ym/microbit-dal/source/microbit-dal.a(MicroBitFiber.cpp.o)
                0x0001890c                getFiberContext()
 .text._ZL10handle_fobv
                0x00018958       0x28 ym/microbit-dal/source/microbit-dal.a(MicroBitFiber.cpp.o)
 .text._Z14scheduler_initR10EventModel
                0x00018980       0xac ym/microbit-dal/source/microbit-dal.a(MicroBitFiber.cpp.o)
                0x00018980                scheduler_init(EventModel&)
 .text._Z23fiber_scheduler_runningv
                0x00018a2c       0x10 ym/microbit-dal/source/microbit-dal.a(MicroBitFiber.cpp.o)
                0x00018a2c                fiber_scheduler_running()
 .text._Z19fiber_wake_on_eventtt
                0x00018a3c       0x68 ym/microbit-dal/source/microbit-dal.a(MicroBitFiber.cpp.o)
                0x00018a3c                fiber_wake_on_event(unsigned short, unsigned short)
 .text._Z14__create_fibermmmi
                0x00018aa4       0x50 ym/microbit-dal/source/microbit-dal.a(MicroBitFiber.cpp.o)
                0x00018aa4                __create_fiber(unsigned long, unsigned long, unsigned long, int)
 .text._Z12create_fiberPFvPvES_S1_
                0x00018af4       0x24 ym/microbit-dal/source/microbit-dal.a(MicroBitFiber.cpp.o)
                0x00018af4                create_fiber(void (*)(void*), void*, void (*)(void*))
 .text._Z17verify_stack_sizeP5Fiber
                0x00018b18       0x3c ym/microbit-dal/source/microbit-dal.a(MicroBitFiber.cpp.o)
                0x00018b18                verify_stack_size(Fiber*)
 .text._Z24scheduler_runqueue_emptyv
                0x00018b54       0x10 ym/microbit-dal/source/microbit-dal.a(MicroBitFiber.cpp.o)
                0x00018b54                scheduler_runqueue_empty()
 .text._Z24fiber_add_idle_componentP17MicroBitComponent
                0x00018b64       0x1c ym/microbit-dal/source/microbit-dal.a(MicroBitFiber.cpp.o)
                0x00018b64                fiber_add_idle_component(MicroBitComponent*)
 .text._Z27fiber_remove_idle_componentP17MicroBitComponent
                0x00018b80       0x1c ym/microbit-dal/source/microbit-dal.a(MicroBitFiber.cpp.o)
                0x00018b80                fiber_remove_idle_component(MicroBitComponent*)
 .text._Z4idlev
                0x00018b9c       0x30 ym/microbit-dal/source/microbit-dal.a(MicroBitFiber.cpp.o)
                0x00018b9c                idle()
 .text._Z8schedulev
                0x00018bcc       0xd4 ym/microbit-dal/source/microbit-dal.a(MicroBitFiber.cpp.o)
                0x00018bcc                schedule()
 .text._Z11fiber_sleepm
                0x00018ca0       0x3c ym/microbit-dal/source/microbit-dal.a(MicroBitFiber.cpp.o)
                0x00018ca0                fiber_sleep(unsigned long)
 .text._Z13release_fiberv
                0x00018cdc       0x80 ym/microbit-dal/source/microbit-dal.a(MicroBitFiber.cpp.o)
                0x00018cdc                release_fiber()
 .text._Z13release_fiberPv
                0x00018d5c       0x14 ym/microbit-dal/source/microbit-dal.a(MicroBitFiber.cpp.o)
                0x00018d5c                release_fiber(void*)
 .text._Z6invokePFvPvES_
                0x00018d70       0x90 ym/microbit-dal/source/microbit-dal.a(MicroBitFiber.cpp.o)
                0x00018d70                invoke(void (*)(void*), void*)
 .text._ZN12MicroBitFont13getSystemFontEv
                0x00018e00       0x10 ym/microbit-dal/source/microbit-dal.a(MicroBitFont.cpp.o)
                0x00018e00                MicroBitFont::getSystemFont()
 .text.startup._GLOBAL__sub_I__ZN12MicroBitFont11defaultFontE
                0x00018e10       0x18 ym/microbit-dal/source/microbit-dal.a(MicroBitFont.cpp.o)
 .text._Z20microbit_create_heapmm
                0x00018e28       0x5c ym/microbit-dal/source/microbit-dal.a(MicroBitHeapAllocator.cpp.o)
                0x00018e28                microbit_create_heap(unsigned long, unsigned long)
 .text.microbit_alloc
                0x00018e84       0x68 ym/microbit-dal/source/microbit-dal.a(MicroBitHeapAllocator.cpp.o)
                0x00018e84                malloc
                0x00018e84                microbit_alloc
 .text.microbit_free
                0x00018eec       0x50 ym/microbit-dal/source/microbit-dal.a(MicroBitHeapAllocator.cpp.o)
                0x00018eec                free
                0x00018eec                microbit_free
 .text._Z23system_timer_set_periodi
                0x00018f3c       0x44 ym/microbit-dal/source/microbit-dal.a(MicroBitSystemTimer.cpp.o)
                0x00018f3c                system_timer_set_period(int)
 .text._Z17system_timer_initi
                0x00018f80       0x54 ym/microbit-dal/source/microbit-dal.a(MicroBitSystemTimer.cpp.o)
                0x00018f80                system_timer_init(int)
 .text._Z23system_timer_get_periodv
                0x00018fd4        0xc ym/microbit-dal/source/microbit-dal.a(MicroBitSystemTimer.cpp.o)
                0x00018fd4                system_timer_get_period()
 .text._Z11update_timev
                0x00018fe0       0x44 ym/microbit-dal/source/microbit-dal.a(MicroBitSystemTimer.cpp.o)
                0x00018fe0                update_time()
 .text._Z17system_timer_tickv
                0x00019024       0x24 ym/microbit-dal/source/microbit-dal.a(MicroBitSystemTimer.cpp.o)
                0x00019024                system_timer_tick()
 .text._Z25system_timer_current_timev
                0x00019048       0x1c ym/microbit-dal/source/microbit-dal.a(MicroBitSystemTimer.cpp.o)
                0x00019048                system_timer_current_time()
 .text._Z28system_timer_current_time_usv
                0x00019064       0x14 ym/microbit-dal/source/microbit-dal.a(MicroBitSystemTimer.cpp.o)
                0x00019064                system_timer_current_time_us()
 .text._Z26system_timer_add_componentP17MicroBitComponent
                0x00019078       0x3c ym/microbit-dal/source/microbit-dal.a(MicroBitSystemTimer.cpp.o)
                0x00019078                system_timer_add_component(MicroBitComponent*)
 .text._Z29system_timer_remove_componentP17MicroBitComponent
                0x000190b4       0x1c ym/microbit-dal/source/microbit-dal.a(MicroBitSystemTimer.cpp.o)
                0x000190b4                system_timer_remove_component(MicroBitComponent*)
 .text._ZN13ManagedStringC2EPKc
                0x000190d0       0x20 ym/microbit-dal/source/microbit-dal.a(ManagedString.cpp.o)
                0x000190d0                ManagedString::ManagedString(char const*)
                0x000190d0                ManagedString::ManagedString(char const*)
 .text._ZN13ManagedStringC2EPKcs
                0x000190f0       0x54 ym/microbit-dal/source/microbit-dal.a(ManagedString.cpp.o)
                0x000190f0                ManagedString::ManagedString(char const*, short)
                0x000190f0                ManagedString::ManagedString(char const*, short)
 .text._ZN13ManagedStringC2Ev
                0x00019144        0xc ym/microbit-dal/source/microbit-dal.a(ManagedString.cpp.o)
                0x00019144                ManagedString::ManagedString()
                0x00019144                ManagedString::ManagedString()
 .text.startup._GLOBAL__sub_I__ZN13ManagedString9initEmptyEv
                0x00019150       0x28 ym/microbit-dal/source/microbit-dal.a(ManagedString.cpp.o)
 .text._ZN13MicroBitEvent4fireEv
                0x00019178       0x28 ym/microbit-dal/source/microbit-dal.a(MicroBitEvent.cpp.o)
                0x00019178                MicroBitEvent::fire()
 .text._ZN13MicroBitImageC2Ev
                0x000191a0        0xc ym/microbit-dal/source/microbit-dal.a(MicroBitImage.cpp.o)
                0x000191a0                MicroBitImage::MicroBitImage()
                0x000191a0                MicroBitImage::MicroBitImage()
 .text._ZN13MicroBitImageC2EP9ImageData
                0x000191ac       0x1c ym/microbit-dal/source/microbit-dal.a(MicroBitImage.cpp.o)
                0x000191ac                MicroBitImage::MicroBitImage(ImageData*)
                0x000191ac                MicroBitImage::MicroBitImage(ImageData*)
 .text._ZN13MicroBitImage13setPixelValueEssh
                0x000191c8       0x2c ym/microbit-dal/source/microbit-dal.a(MicroBitImage.cpp.o)
                0x000191c8                MicroBitImage::setPixelValue(short, short, unsigned char)
 .text._ZN13MicroBitImage10printImageEssPKh
                0x000191f4       0x60 ym/microbit-dal/source/microbit-dal.a(MicroBitImage.cpp.o)
                0x000191f4                MicroBitImage::printImage(short, short, unsigned char const*)
 .text._ZN13MicroBitImage4initEssPKh
                0x00019254       0x4c ym/microbit-dal/source/microbit-dal.a(MicroBitImage.cpp.o)
                0x00019254                MicroBitImage::init(short, short, unsigned char const*)
 .text._ZN13MicroBitImageC2EPKc
                0x000192a0       0xa0 ym/microbit-dal/source/microbit-dal.a(MicroBitImage.cpp.o)
                0x000192a0                MicroBitImage::MicroBitImage(char const*)
                0x000192a0                MicroBitImage::MicroBitImage(char const*)
 .text._ZN13MicroBitImage5printEcss
                0x00019340       0x8c ym/microbit-dal/source/microbit-dal.a(MicroBitImage.cpp.o)
                0x00019340                MicroBitImage::print(char, short, short)
 .text._ZN13MicroBitImage9shiftLeftEs
                0x000193cc       0x50 ym/microbit-dal/source/microbit-dal.a(MicroBitImage.cpp.o)
                0x000193cc                MicroBitImage::shiftLeft(short)
 .text.startup._GLOBAL__sub_I__ZN13MicroBitImage10EmptyImageE
                0x0001941c       0x28 ym/microbit-dal/source/microbit-dal.a(MicroBitImage.cpp.o)
 .text.startup._GLOBAL__sub_I__ZN12PacketBuffer11EmptyPacketE
                0x00019444       0x24 ym/microbit-dal/source/microbit-dal.a(PacketBuffer.cpp.o)
 .text._ZL16isReadOnlyInlineP10RefCounted.isra.0
                0x00019468       0x24 ym/microbit-dal/source/microbit-dal.a(RefCounted.cpp.o)
 .text._ZN21MicroBitAccelerometer9configureEv
                0x0001948c        0x8 ym/microbit-dal/source/microbit-dal.a(MicroBitAccelerometer.cpp.o)
                0x0001948c                MicroBitAccelerometer::configure()
 .text._ZN21MicroBitAccelerometer13requestUpdateEv
                0x00019494       0x10 ym/microbit-dal/source/microbit-dal.a(MicroBitAccelerometer.cpp.o)
                0x00019494                MicroBitAccelerometer::requestUpdate()
 .text._ZN21MicroBitAccelerometerC2ER15CoordinateSpacet
                0x000194a4       0x50 ym/microbit-dal/source/microbit-dal.a(MicroBitAccelerometer.cpp.o)
                0x000194a4                MicroBitAccelerometer::MicroBitAccelerometer(CoordinateSpace&, unsigned short)
                0x000194a4                MicroBitAccelerometer::MicroBitAccelerometer(CoordinateSpace&, unsigned short)
 .text._ZN21MicroBitAccelerometer10autoDetectER11MicroBitI2C
                0x000194f4      0x168 ym/microbit-dal/source/microbit-dal.a(MicroBitAccelerometer.cpp.o)
                0x000194f4                MicroBitAccelerometer::autoDetect(MicroBitI2C&)
 .text._ZN21MicroBitAccelerometer20instantaneousPostureEv
                0x0001965c      0x19c ym/microbit-dal/source/microbit-dal.a(MicroBitAccelerometer.cpp.o)
                0x0001965c                MicroBitAccelerometer::instantaneousPosture()
 .text._ZN14MicroBitButton10systemTickEv
                0x000197f8       0xd8 ym/microbit-dal/source/microbit-dal.a(MicroBitButton.cpp.o)
                0x000197f8                MicroBitButton::systemTick()
 .text._ZN14MicroBitButtonD2Ev
                0x000198d0       0x18 ym/microbit-dal/source/microbit-dal.a(MicroBitButton.cpp.o)
                0x000198d0                MicroBitButton::~MicroBitButton()
                0x000198d0                MicroBitButton::~MicroBitButton()
 .text._ZN14MicroBitButtonC2E7PinNamet32MicroBitButtonEventConfiguration7PinMode
                0x000198e8       0x58 ym/microbit-dal/source/microbit-dal.a(MicroBitButton.cpp.o)
                0x000198e8                MicroBitButton::MicroBitButton(PinName, unsigned short, MicroBitButtonEventConfiguration, PinMode)
                0x000198e8                MicroBitButton::MicroBitButton(PinName, unsigned short, MicroBitButtonEventConfiguration, PinMode)
 .text._ZN15MicroBitCompass9configureEv
                0x00019940        0x8 ym/microbit-dal/source/microbit-dal.a(MicroBitCompass.cpp.o)
                0x00019940                MicroBitCompass::configure()
 .text._ZN15MicroBitCompass13requestUpdateEv
                0x00019948       0x10 ym/microbit-dal/source/microbit-dal.a(MicroBitCompass.cpp.o)
                0x00019948                MicroBitCompass::requestUpdate()
 .text._ZN15MicroBitCompassC2ER15CoordinateSpacet
                0x00019958       0x44 ym/microbit-dal/source/microbit-dal.a(MicroBitCompass.cpp.o)
                0x00019958                MicroBitCompass::MicroBitCompass(CoordinateSpace&, unsigned short)
                0x00019958                MicroBitCompass::MicroBitCompass(CoordinateSpace&, unsigned short)
 .text._ZN15MicroBitCompass10autoDetectER11MicroBitI2C
                0x0001999c      0x160 ym/microbit-dal/source/microbit-dal.a(MicroBitCompass.cpp.o)
                0x0001999c                MicroBitCompass::autoDetect(MicroBitI2C&)
 .text._ZN10EventModel6listenI25MicroBitCompassCalibratorEEittPT_MS2_Fv13MicroBitEventEt.isra.0
                0x00019afc       0xa4 ym/microbit-dal/source/microbit-dal.a(MicroBitCompassCalibrator.cpp.o)
 .text._ZN25MicroBitCompassCalibratorC2ER15MicroBitCompassR21MicroBitAccelerometerR15MicroBitDisplayR15MicroBitStorage
                0x00019ba0       0x80 ym/microbit-dal/source/microbit-dal.a(MicroBitCompassCalibrator.cpp.o)
                0x00019ba0                MicroBitCompassCalibrator::MicroBitCompassCalibrator(MicroBitCompass&, MicroBitAccelerometer&, MicroBitDisplay&, MicroBitStorage&)
                0x00019ba0                MicroBitCompassCalibrator::MicroBitCompassCalibrator(MicroBitCompass&, MicroBitAccelerometer&, MicroBitDisplay&, MicroBitStorage&)
 .text._ZN25MicroBitCompassCalibrator11calibrateUXE13MicroBitEvent
                0x00019c20      0x298 ym/microbit-dal/source/microbit-dal.a(MicroBitCompassCalibrator.cpp.o)
                0x00019c20                MicroBitCompassCalibrator::calibrateUX(MicroBitEvent)
 .text._ZN15MicroBitDisplay15renderGreyscaleEv
                0x00019eb8       0xfc ym/microbit-dal/source/microbit-dal.a(MicroBitDisplay.cpp.o)
                0x00019eb8                MicroBitDisplay::renderGreyscale()
 .text._ZN15MicroBitDisplayD2Ev
                0x00019fb4       0x50 ym/microbit-dal/source/microbit-dal.a(MicroBitDisplay.cpp.o)
                0x00019fb4                MicroBitDisplay::~MicroBitDisplay()
                0x00019fb4                MicroBitDisplay::~MicroBitDisplay()
 .text._ZN15MicroBitDisplayC2EtRK9MatrixMap
                0x0001a004       0xd8 ym/microbit-dal/source/microbit-dal.a(MicroBitDisplay.cpp.o)
                0x0001a004                MicroBitDisplay::MicroBitDisplay(unsigned short, MatrixMap const&)
                0x0001a004                MicroBitDisplay::MicroBitDisplay(unsigned short, MatrixMap const&)
 .text._ZN15MicroBitDisplay6renderEv
                0x0001a0dc       0xf8 ym/microbit-dal/source/microbit-dal.a(MicroBitDisplay.cpp.o)
                0x0001a0dc                MicroBitDisplay::render()
 .text._ZN15MicroBitDisplay26sendAnimationCompleteEventEv
                0x0001a1d4       0x24 ym/microbit-dal/source/microbit-dal.a(MicroBitDisplay.cpp.o)
                0x0001a1d4                MicroBitDisplay::sendAnimationCompleteEvent()
 .text._ZN15MicroBitDisplay13stopAnimationEv
                0x0001a1f8       0x38 ym/microbit-dal/source/microbit-dal.a(MicroBitDisplay.cpp.o)
                0x0001a1f8                MicroBitDisplay::stopAnimation()
 .text._ZN15MicroBitDisplay18waitForFreeDisplayEv
                0x0001a230       0x24 ym/microbit-dal/source/microbit-dal.a(MicroBitDisplay.cpp.o)
                0x0001a230                MicroBitDisplay::waitForFreeDisplay()
 .text._ZN15MicroBitDisplay9fiberWaitEv
                0x0001a254       0x2c ym/microbit-dal/source/microbit-dal.a(MicroBitDisplay.cpp.o)
                0x0001a254                MicroBitDisplay::fiberWait()
 .text._ZN15MicroBitDisplay10printAsyncE13MicroBitImageiiii
                0x0001a280       0x54 ym/microbit-dal/source/microbit-dal.a(MicroBitDisplay.cpp.o)
                0x0001a280                MicroBitDisplay::printAsync(MicroBitImage, int, int, int, int)
 .text._ZN15MicroBitDisplay5printE13MicroBitImageiiii
                0x0001a2d4       0x68 ym/microbit-dal/source/microbit-dal.a(MicroBitDisplay.cpp.o)
                0x0001a2d4                MicroBitDisplay::print(MicroBitImage, int, int, int, int)
 .text._ZN15MicroBitDisplay11scrollAsyncE13ManagedStringi
                0x0001a33c       0x54 ym/microbit-dal/source/microbit-dal.a(MicroBitDisplay.cpp.o)
                0x0001a33c                MicroBitDisplay::scrollAsync(ManagedString, int)
 .text._ZN15MicroBitDisplay6scrollE13ManagedStringi
                0x0001a390       0x4c ym/microbit-dal/source/microbit-dal.a(MicroBitDisplay.cpp.o)
                0x0001a390                MicroBitDisplay::scroll(ManagedString, int)
 .text._ZN15MicroBitDisplay12animateAsyncE13MicroBitImageiiii
                0x0001a3dc       0x74 ym/microbit-dal/source/microbit-dal.a(MicroBitDisplay.cpp.o)
                0x0001a3dc                MicroBitDisplay::animateAsync(MicroBitImage, int, int, int, int)
 .text._ZN15MicroBitDisplay7animateE13MicroBitImageiiii
                0x0001a450       0x60 ym/microbit-dal/source/microbit-dal.a(MicroBitDisplay.cpp.o)
                0x0001a450                MicroBitDisplay::animate(MicroBitImage, int, int, int, int)
 .text._ZN15MicroBitDisplay13setBrightnessEi
                0x0001a4b0       0x14 ym/microbit-dal/source/microbit-dal.a(MicroBitDisplay.cpp.o)
                0x0001a4b0                MicroBitDisplay::setBrightness(int)
 .text._ZN11MicroBitI2C4readEiPcib
                0x0001a4c4       0x20 ym/microbit-dal/source/microbit-dal.a(MicroBitI2C.cpp.o)
                0x0001a4c4                MicroBitI2C::read(int, char*, int, bool)
 .text._ZN11MicroBitI2C5writeEiPKcib
                0x0001a4e4       0x20 ym/microbit-dal/source/microbit-dal.a(MicroBitI2C.cpp.o)
                0x0001a4e4                MicroBitI2C::write(int, char const*, int, bool)
 .text._ZN11MicroBitI2C12readRegisterEhhPhi
                0x0001a504       0x4c ym/microbit-dal/source/microbit-dal.a(MicroBitI2C.cpp.o)
                0x0001a504                MicroBitI2C::readRegister(unsigned char, unsigned char, unsigned char*, int)
 .text._ZN18MicroBitMessageBus6removeEP16MicroBitListener
                0x0001a550       0x94 ym/microbit-dal/source/microbit-dal.a(MicroBitMessageBus.cpp.o)
                0x0001a550                MicroBitMessageBus::remove(MicroBitListener*)
 .text._ZN18MicroBitMessageBus3addEP16MicroBitListener
                0x0001a5e4       0xd8 ym/microbit-dal/source/microbit-dal.a(MicroBitMessageBus.cpp.o)
                0x0001a5e4                MicroBitMessageBus::add(MicroBitListener*)
 .text._ZN18MicroBitMessageBusD2Ev
                0x0001a6bc       0x20 ym/microbit-dal/source/microbit-dal.a(MicroBitMessageBus.cpp.o)
                0x0001a6bc                MicroBitMessageBus::~MicroBitMessageBus()
                0x0001a6bc                MicroBitMessageBus::~MicroBitMessageBus()
 .text._ZThn8_N18MicroBitMessageBusD1Ev
                0x0001a6dc       0x10 ym/microbit-dal/source/microbit-dal.a(MicroBitMessageBus.cpp.o)
                0x0001a6dc                non-virtual thunk to MicroBitMessageBus::~MicroBitMessageBus()
 .text._ZThn8_N18MicroBitMessageBusD0Ev
                0x0001a6ec       0x10 ym/microbit-dal/source/microbit-dal.a(MicroBitMessageBus.cpp.o)
                0x0001a6ec                non-virtual thunk to MicroBitMessageBus::~MicroBitMessageBus()
 .text._ZN18MicroBitMessageBusC2Ev
                0x0001a6fc       0x3c ym/microbit-dal/source/microbit-dal.a(MicroBitMessageBus.cpp.o)
                0x0001a6fc                MicroBitMessageBus::MicroBitMessageBus()
                0x0001a6fc                MicroBitMessageBus::MicroBitMessageBus()
 .text._ZN18MicroBitMessageBus7processE13MicroBitEventb
                0x0001a738       0x98 ym/microbit-dal/source/microbit-dal.a(MicroBitMessageBus.cpp.o)
                0x0001a738                MicroBitMessageBus::process(MicroBitEvent, bool)
 .text._ZThn8_N18MicroBitMessageBus8idleTickEv
                0x0001a7d0       0x10 ym/microbit-dal/source/microbit-dal.a(MicroBitMessageBus.cpp.o)
                0x0001a7d0                non-virtual thunk to MicroBitMessageBus::idleTick()
 .text.startup._GLOBAL__sub_I__ZN18MicroBitMessageBusC2Ev
                0x0001a7e0       0x10 ym/microbit-dal/source/microbit-dal.a(MicroBitMessageBus.cpp.o)
 .text._ZN10EventModel6listenI19MicroBitMultiButtonEEittPT_MS2_Fv13MicroBitEventEt.isra.0
                0x0001a7f0       0xa4 ym/microbit-dal/source/microbit-dal.a(MicroBitMultiButton.cpp.o)
 .text._ZN19MicroBitMultiButtonC2Ettt
                0x0001a894       0x70 ym/microbit-dal/source/microbit-dal.a(MicroBitMultiButton.cpp.o)
                0x0001a894                MicroBitMultiButton::MicroBitMultiButton(unsigned short, unsigned short, unsigned short)
                0x0001a894                MicroBitMultiButton::MicroBitMultiButton(unsigned short, unsigned short, unsigned short)
 .text._ZN11MicroBitPinC2Ei7PinName13PinCapability
                0x0001a904       0x1c ym/microbit-dal/source/microbit-dal.a(MicroBitPin.cpp.o)
                0x0001a904                MicroBitPin::MicroBitPin(int, PinName, PinCapability)
                0x0001a904                MicroBitPin::MicroBitPin(int, PinName, PinCapability)
 .text._ZN11MicroBitPin10disconnectEv
                0x0001a920       0x88 ym/microbit-dal/source/microbit-dal.a(MicroBitPin.cpp.o)
                0x0001a920                MicroBitPin::disconnect()
 .text._ZN11MicroBitPin15getDigitalValueEv
                0x0001a9a8       0x70 ym/microbit-dal/source/microbit-dal.a(MicroBitPin.cpp.o)
                0x0001a9a8                MicroBitPin::getDigitalValue()
 .text._ZN11MicroBitPin7setPullE7PinMode
                0x0001aa18       0x2c ym/microbit-dal/source/microbit-dal.a(MicroBitPin.cpp.o)
                0x0001aa18                MicroBitPin::setPull(PinMode)
 .text._ZN13MicroBitRadioC2Et
                0x0001aa44       0x40 ym/microbit-dal/source/microbit-dal.a(MicroBitRadio.cpp.o)
                0x0001aa44                MicroBitRadio::MicroBitRadio(unsigned short)
                0x0001aa44                MicroBitRadio::MicroBitRadio(unsigned short)
 .text._ZN13MicroBitRadio7setRSSIEi
                0x0001aa84       0x14 ym/microbit-dal/source/microbit-dal.a(MicroBitRadio.cpp.o)
                0x0001aa84                MicroBitRadio::setRSSI(int)
 .text._ZN13MicroBitRadio7getRSSIEv
                0x0001aa98       0x14 ym/microbit-dal/source/microbit-dal.a(MicroBitRadio.cpp.o)
                0x0001aa98                MicroBitRadio::getRSSI()
 .text._ZN13MicroBitRadio10queueRxBufEv
                0x0001aaac       0x60 ym/microbit-dal/source/microbit-dal.a(MicroBitRadio.cpp.o)
                0x0001aaac                MicroBitRadio::queueRxBuf()
 .text.RADIO_IRQHandler
                0x0001ab0c       0x64 ym/microbit-dal/source/microbit-dal.a(MicroBitRadio.cpp.o)
                0x0001ab0c                RADIO_IRQHandler
 .text._ZN13MicroBitRadio4recvEv
                0x0001ab70       0x28 ym/microbit-dal/source/microbit-dal.a(MicroBitRadio.cpp.o)
                0x0001ab70                MicroBitRadio::recv()
 .text._ZN14MicroBitSerial4baudEi
                0x0001ab98       0x14 ym/microbit-dal/source/microbit-dal.a(MicroBitSerial.cpp.o)
                0x0001ab98                MicroBitSerial::baud(int)
 .text._ZN14MicroBitSerialC2E7PinNameS0_hh
                0x0001abac       0x50 ym/microbit-dal/source/microbit-dal.a(MicroBitSerial.cpp.o)
                0x0001abac                MicroBitSerial::MicroBitSerial(PinName, PinName, unsigned char, unsigned char)
                0x0001abac                MicroBitSerial::MicroBitSerial(PinName, PinName, unsigned char, unsigned char)
 .text._ZN15MicroBitStorage4sizeEv
                0x0001abfc       0x60 ym/microbit-dal/source/microbit-dal.a(MicroBitStorage.cpp.o)
                0x0001abfc                MicroBitStorage::size()
 .text._ZN15MicroBitStorage3putEPKcPhi
                0x0001ac5c      0x1ac ym/microbit-dal/source/microbit-dal.a(MicroBitStorage.cpp.o)
                0x0001ac5c                MicroBitStorage::put(char const*, unsigned char*, int)
 .text._ZN15MicroBitStorage6removeEPKc
                0x0001ae08       0xdc ym/microbit-dal/source/microbit-dal.a(MicroBitStorage.cpp.o)
                0x0001ae08                MicroBitStorage::remove(char const*)
 .text._ZN19MicroBitThermometerC2ER15MicroBitStoraget
                0x0001aee4       0x48 ym/microbit-dal/source/microbit-dal.a(MicroBitThermometer.cpp.o)
                0x0001aee4                MicroBitThermometer::MicroBitThermometer(MicroBitStorage&, unsigned short)
                0x0001aee4                MicroBitThermometer::MicroBitThermometer(MicroBitStorage&, unsigned short)
 .text._ZN19MicroBitThermometer12updateSampleEv
                0x0001af2c       0x8c ym/microbit-dal/source/microbit-dal.a(MicroBitThermometer.cpp.o)
                0x0001af2c                MicroBitThermometer::updateSample()
 .text._ZL18nvmc_event_handlerm
                0x0001afb8       0x10 ym/microbit-dal/source/microbit-dal.a(MicroBitFlash.cpp.o)
 .text._ZN13MicroBitFlashC2Ev
                0x0001afc8       0x24 ym/microbit-dal/source/microbit-dal.a(MicroBitFlash.cpp.o)
                0x0001afc8                MicroBitFlash::MicroBitFlash()
                0x0001afc8                MicroBitFlash::MicroBitFlash()
 .text._ZN13MicroBitFlash10erase_pageEPm
                0x0001afec       0x68 ym/microbit-dal/source/microbit-dal.a(MicroBitFlash.cpp.o)
                0x0001afec                MicroBitFlash::erase_page(unsigned long*)
 .text._ZN13MicroBitFlash10flash_burnEPmS0_i
                0x0001b054       0x80 ym/microbit-dal/source/microbit-dal.a(MicroBitFlash.cpp.o)
                0x0001b054                MicroBitFlash::flash_burn(unsigned long*, unsigned long*, int)
 .text._ZThn68_N8FXOS87008idleTickEv
                0x0001b0d4       0x10 ym/microbit-dal/source/microbit-dal.a(FXOS8700.cpp.o)
                0x0001b0d4                non-virtual thunk to FXOS8700::idleTick()
 .text._ZN8FXOS87009configureEv
                0x0001b0e4       0xe4 ym/microbit-dal/source/microbit-dal.a(FXOS8700.cpp.o)
                0x0001b0e4                FXOS8700::configure()
 .text._ZThn68_N8FXOS87009configureEv
                0x0001b1c8       0x10 ym/microbit-dal/source/microbit-dal.a(FXOS8700.cpp.o)
                0x0001b1c8                non-virtual thunk to FXOS8700::configure()
 .text._ZN8FXOS8700D2Ev
                0x0001b1d8       0x24 ym/microbit-dal/source/microbit-dal.a(FXOS8700.cpp.o)
                0x0001b1d8                FXOS8700::~FXOS8700()
                0x0001b1d8                FXOS8700::~FXOS8700()
 .text._ZThn68_N8FXOS8700D1Ev
                0x0001b1fc       0x10 ym/microbit-dal/source/microbit-dal.a(FXOS8700.cpp.o)
                0x0001b1fc                non-virtual thunk to FXOS8700::~FXOS8700()
 .text._ZThn68_N8FXOS8700D0Ev
                0x0001b20c       0x10 ym/microbit-dal/source/microbit-dal.a(FXOS8700.cpp.o)
                0x0001b20c                non-virtual thunk to FXOS8700::~FXOS8700()
 .text._ZN8FXOS870013requestUpdateEv
                0x0001b21c       0xfc ym/microbit-dal/source/microbit-dal.a(FXOS8700.cpp.o)
                0x0001b21c                FXOS8700::requestUpdate()
 .text._ZThn68_N8FXOS870013requestUpdateEv
                0x0001b318       0x10 ym/microbit-dal/source/microbit-dal.a(FXOS8700.cpp.o)
                0x0001b318                non-virtual thunk to FXOS8700::requestUpdate()
 .text._ZN8FXOS8700C2ER11MicroBitI2C11MicroBitPinR15CoordinateSpacettt
                0x0001b328       0x80 ym/microbit-dal/source/microbit-dal.a(FXOS8700.cpp.o)
                0x0001b328                FXOS8700::FXOS8700(MicroBitI2C&, MicroBitPin, CoordinateSpace&, unsigned short, unsigned short, unsigned short)
                0x0001b328                FXOS8700::FXOS8700(MicroBitI2C&, MicroBitPin, CoordinateSpace&, unsigned short, unsigned short, unsigned short)
 .text._ZN7MMA86539configureEv
                0x0001b3a8       0xb0 ym/microbit-dal/source/microbit-dal.a(MMA8653.cpp.o)
                0x0001b3a8                MMA8653::configure()
 .text._ZN7MMA8653D2Ev
                0x0001b458       0x18 ym/microbit-dal/source/microbit-dal.a(MMA8653.cpp.o)
                0x0001b458                MMA8653::~MMA8653()
                0x0001b458                MMA8653::~MMA8653()
 .text._ZN7MMA865313requestUpdateEv
                0x0001b470       0x78 ym/microbit-dal/source/microbit-dal.a(MMA8653.cpp.o)
                0x0001b470                MMA8653::requestUpdate()
 .text._ZN7MMA8653C2ER11MicroBitI2C11MicroBitPinR15CoordinateSpacett
                0x0001b4e8       0x5c ym/microbit-dal/source/microbit-dal.a(MMA8653.cpp.o)
                0x0001b4e8                MMA8653::MMA8653(MicroBitI2C&, MicroBitPin, CoordinateSpace&, unsigned short, unsigned short)
                0x0001b4e8                MMA8653::MMA8653(MicroBitI2C&, MicroBitPin, CoordinateSpace&, unsigned short, unsigned short)
 .text._ZN7MAG3110D2Ev
                0x0001b544       0x18 ym/microbit-dal/source/microbit-dal.a(MAG3110.cpp.o)
                0x0001b544                MAG3110::~MAG3110()
                0x0001b544                MAG3110::~MAG3110()
 .text._ZN7MAG31109configureEv
                0x0001b55c       0xa4 ym/microbit-dal/source/microbit-dal.a(MAG3110.cpp.o)
                0x0001b55c                MAG3110::configure()
 .text._ZN7MAG311013requestUpdateEv
                0x0001b600       0x90 ym/microbit-dal/source/microbit-dal.a(MAG3110.cpp.o)
                0x0001b600                MAG3110::requestUpdate()
 .text._ZN7MAG3110C2ER11MicroBitI2C11MicroBitPinR15CoordinateSpacett
                0x0001b690       0x54 ym/microbit-dal/source/microbit-dal.a(MAG3110.cpp.o)
                0x0001b690                MAG3110::MAG3110(MicroBitI2C&, MicroBitPin, CoordinateSpace&, unsigned short, unsigned short)
                0x0001b690                MAG3110::MAG3110(MicroBitI2C&, MicroBitPin, CoordinateSpace&, unsigned short, unsigned short)
 .text._ZN19LSM303Accelerometer9configureEv
                0x0001b6e4       0xa0 ym/microbit-dal/source/microbit-dal.a(LSM303Accelerometer.cpp.o)
                0x0001b6e4                LSM303Accelerometer::configure()
 .text._ZN19LSM303AccelerometerD2Ev
                0x0001b784       0x18 ym/microbit-dal/source/microbit-dal.a(LSM303Accelerometer.cpp.o)
                0x0001b784                LSM303Accelerometer::~LSM303Accelerometer()
                0x0001b784                LSM303Accelerometer::~LSM303Accelerometer()
 .text._ZN19LSM303Accelerometer13requestUpdateEv
                0x0001b79c       0x94 ym/microbit-dal/source/microbit-dal.a(LSM303Accelerometer.cpp.o)
                0x0001b79c                LSM303Accelerometer::requestUpdate()
 .text._ZN19LSM303AccelerometerC2ER11MicroBitI2C11MicroBitPinR15CoordinateSpacett
                0x0001b830       0x5c ym/microbit-dal/source/microbit-dal.a(LSM303Accelerometer.cpp.o)
                0x0001b830                LSM303Accelerometer::LSM303Accelerometer(MicroBitI2C&, MicroBitPin, CoordinateSpace&, unsigned short, unsigned short)
                0x0001b830                LSM303Accelerometer::LSM303Accelerometer(MicroBitI2C&, MicroBitPin, CoordinateSpace&, unsigned short, unsigned short)
 .text._ZN18LSM303Magnetometer9configureEv
                0x0001b88c       0x60 ym/microbit-dal/source/microbit-dal.a(LSM303Magnetometer.cpp.o)
                0x0001b88c                LSM303Magnetometer::configure()
 .text._ZN18LSM303MagnetometerD2Ev
                0x0001b8ec       0x18 ym/microbit-dal/source/microbit-dal.a(LSM303Magnetometer.cpp.o)
                0x0001b8ec                LSM303Magnetometer::~LSM303Magnetometer()
                0x0001b8ec                LSM303Magnetometer::~LSM303Magnetometer()
 .text._ZN18LSM303Magnetometer13requestUpdateEv
                0x0001b904       0x70 ym/microbit-dal/source/microbit-dal.a(LSM303Magnetometer.cpp.o)
                0x0001b904                LSM303Magnetometer::requestUpdate()
 .text._ZN18LSM303MagnetometerC2ER11MicroBitI2C11MicroBitPinR15CoordinateSpacett
                0x0001b974       0x54 ym/microbit-dal/source/microbit-dal.a(LSM303Magnetometer.cpp.o)
                0x0001b974                LSM303Magnetometer::LSM303Magnetometer(MicroBitI2C&, MicroBitPin, CoordinateSpace&, unsigned short, unsigned short)
                0x0001b974                LSM303Magnetometer::LSM303Magnetometer(MicroBitI2C&, MicroBitPin, CoordinateSpace&, unsigned short, unsigned short)
 .text._ZN18MicroBitBLEManagerD2Ev
                0x0001b9c8       0x20 ym/microbit-dal/source/microbit-dal.a(MicroBitBLEManager.cpp.o)
                0x0001b9c8                MicroBitBLEManager::~MicroBitBLEManager()
                0x0001b9c8                MicroBitBLEManager::~MicroBitBLEManager()
 .text._ZL25bleSysAttrMissingCallbackPK32GattSysAttrMissingCallbackParams
                0x0001b9e8       0xc8 ym/microbit-dal/source/microbit-dal.a(MicroBitBLEManager.cpp.o)
 .text._ZN18MicroBitBLEManager8idleTickEv
                0x0001bab0      0x110 ym/microbit-dal/source/microbit-dal.a(MicroBitBLEManager.cpp.o)
                0x0001bab0                MicroBitBLEManager::idleTick()
 .text._ZN18GattCharacteristicC2ERK4UUIDPhtthPP13GattAttributejb
                0x0001bbc0       0x8c ym/microbit-dal/source/microbit-dal.a(MicroBitBLEManager.cpp.o)
                0x0001bbc0                GattCharacteristic::GattCharacteristic(UUID const&, unsigned char*, unsigned short, unsigned short, unsigned char, GattAttribute**, unsigned int, bool)
                0x0001bbc0                GattCharacteristic::GattCharacteristic(UUID const&, unsigned char*, unsigned short, unsigned short, unsigned char, GattAttribute**, unsigned int, bool)
 .text._ZN3BLE22setAdvertisingIntervalEt
                0x0001bc4c       0x3c ym/microbit-dal/source/microbit-dal.a(MicroBitBLEManager.cpp.o)
                0x0001bc4c                BLE::setAdvertisingInterval(unsigned short)
 .text._ZN24DeviceInformationServiceC2ER3BLEPKcS3_S3_S3_S3_S3_
                0x0001bc88      0x1dc ym/microbit-dal/source/microbit-dal.a(MicroBitBLEManager.cpp.o)
                0x0001bc88                DeviceInformationService::DeviceInformationService(BLE&, char const*, char const*, char const*, char const*, char const*, char const*)
                0x0001bc88                DeviceInformationService::DeviceInformationService(BLE&, char const*, char const*, char const*, char const*, char const*, char const*)
 .text._ZN18MicroBitBLEManagerC2ER15MicroBitStorage
                0x0001be64       0x3c ym/microbit-dal/source/microbit-dal.a(MicroBitBLEManager.cpp.o)
                0x0001be64                MicroBitBLEManager::MicroBitBLEManager(MicroBitStorage&)
                0x0001be64                MicroBitBLEManager::MicroBitBLEManager(MicroBitStorage&)
 .text._ZL24bleDisconnectionCallbackPKN3Gap29DisconnectionCallbackParams_tE
                0x0001bea0       0x3c ym/microbit-dal/source/microbit-dal.a(MicroBitBLEManager.cpp.o)
 .text._ZN18MicroBitBLEManager16setTransmitPowerEi
                0x0001bedc       0x3c ym/microbit-dal/source/microbit-dal.a(MicroBitBLEManager.cpp.o)
                0x0001bedc                MicroBitBLEManager::setTransmitPower(int)
 .text._ZN18MicroBitBLEManager4initE13ManagedStringS0_R10EventModelb
                0x0001bf18      0x2c4 ym/microbit-dal/source/microbit-dal.a(MicroBitBLEManager.cpp.o)
                0x0001bf18                MicroBitBLEManager::init(ManagedString, ManagedString, EventModel&, bool)
 .text._ZL22passkeyDisplayCallbacktPKh
                0x0001c1dc       0x34 ym/microbit-dal/source/microbit-dal.a(MicroBitBLEManager.cpp.o)
 .text._ZL30securitySetupCompletedCallbacktN15SecurityManager26SecurityCompletionStatus_tE
                0x0001c210       0x40 ym/microbit-dal/source/microbit-dal.a(MicroBitBLEManager.cpp.o)
 .text._ZN18MicroBitBLEManager27showManagementModeAnimationER15MicroBitDisplay
                0x0001c250       0xa8 ym/microbit-dal/source/microbit-dal.a(MicroBitBLEManager.cpp.o)
                0x0001c250                MicroBitBLEManager::showManagementModeAnimation(MicroBitDisplay&)
 .text._ZN18MicroBitBLEManager11pairingModeER15MicroBitDisplayR14MicroBitButton
                0x0001c2f8      0x298 ym/microbit-dal/source/microbit-dal.a(MicroBitBLEManager.cpp.o)
                0x0001c2f8                MicroBitBLEManager::pairingMode(MicroBitDisplay&, MicroBitButton&)
 .text._ZN18MicroBitDFUServiceC2ER3BLE
                0x0001c590      0x184 ym/microbit-dal/source/microbit-dal.a(MicroBitDFUService.cpp.o)
                0x0001c590                MicroBitDFUService::MicroBitDFUService(BLE&)
                0x0001c590                MicroBitDFUService::MicroBitDFUService(BLE&)
 .text._ZN20MicroBitEventServiceC2ER3BLER10EventModel
                0x0001c714      0x20c ym/microbit-dal/source/microbit-dal.a(MicroBitEventService.cpp.o)
                0x0001c714                MicroBitEventService::MicroBitEventService(BLE&, EventModel&)
                0x0001c714                MicroBitEventService::MicroBitEventService(BLE&, EventModel&)
 .text._ZN16MicroBitListenerC2I20MicroBitEventServiceEEttPT_MS2_Fv13MicroBitEventEt
                0x0001c920       0x70 ym/microbit-dal/source/microbit-dal.a(MicroBitEventService.cpp.o)
                0x0001c920                MicroBitListener::MicroBitListener<MicroBitEventService>(unsigned short, unsigned short, MicroBitEventService*, void (MicroBitEventService::*)(MicroBitEvent), unsigned short)
                0x0001c920                MicroBitListener::MicroBitListener<MicroBitEventService>(unsigned short, unsigned short, MicroBitEventService*, void (MicroBitEventService::*)(MicroBitEvent), unsigned short)
 .text._ZN20MicroBitEventService8idleTickEv
                0x0001c990       0x58 ym/microbit-dal/source/microbit-dal.a(MicroBitEventService.cpp.o)
                0x0001c990                MicroBitEventService::idleTick()
 .text._ZN20MicroBitEventService13onDataWrittenEPK23GattWriteCallbackParams
                0x0001c9e8       0x90 ym/microbit-dal/source/microbit-dal.a(MicroBitEventService.cpp.o)
                0x0001c9e8                MicroBitEventService::onDataWritten(GattWriteCallbackParams const*)
 .text          0x0001ca78      0x124 ym/microbit-dal/source/microbit-dal.a(CortexContextSwitch.s.obj)
                0x0001ca78                swap_context
                0x0001cafa                save_context
                0x0001cb3e                save_register_context
                0x0001cb6e                restore_register_context
 .text._Z14string_reversePc
                0x0001cb9c       0x2c ym/microbit-dal/source/microbit-dal.a(MicroBitCompat.cpp.o)
                0x0001cb9c                string_reverse(char*)
 .text._Z4itoaiPc
                0x0001cbc8       0x68 ym/microbit-dal/source/microbit-dal.a(MicroBitCompat.cpp.o)
                0x0001cbc8                itoa(int, char*)
 .text._ZNK13KeyValueTable4findEm
                0x0001cc30       0x28 ym/microbit-dal/source/microbit-dal.a(MicroBitUtil.cpp.o)
                0x0001cc30                KeyValueTable::find(unsigned long) const
 .text._ZN3BLEC2Ej.part.0
                0x0001cc58       0x20 ym/ble/source/ble.a(BLE.cpp.o)
 .text._ZN3BLE8InstanceEj
                0x0001cc78       0x48 ym/ble/source/ble.a(BLE.cpp.o)
                0x0001cc78                BLE::Instance(unsigned int)
 .text._ZNK3BLE3gapEv
                0x0001ccc0       0x20 ym/ble/source/ble.a(BLE.cpp.o)
                0x0001ccc0                BLE::gap() const
 .text._ZN3BLE3gapEv
                0x0001cce0       0x20 ym/ble/source/ble.a(BLE.cpp.o)
                0x0001cce0                BLE::gap()
 .text._ZN3BLE10gattServerEv
                0x0001cd00       0x20 ym/ble/source/ble.a(BLE.cpp.o)
                0x0001cd00                BLE::gattServer()
 .text._ZN3BLE15securityManagerEv
                0x0001cd20       0x20 ym/ble/source/ble.a(BLE.cpp.o)
                0x0001cd20                BLE::securityManager()
 .text._ZL16sys_evt_dispatchm
                0x0001cd40       0x1c ym/ble-nrf51822/source/ble-nrf51822.a(btle.cpp.o)
 .text._ZL12btle_handlerP9ble_evt_t
                0x0001cd5c      0x178 ym/ble-nrf51822/source/ble-nrf51822.a(btle.cpp.o)
 .text.btle_set_gatt_table_size
                0x0001ced4       0x14 ym/ble-nrf51822/source/ble-nrf51822.a(btle.cpp.o)
                0x0001ced4                btle_set_gatt_table_size
 .text.btle_set_user_evt_handler
                0x0001cee8        0xc ym/ble-nrf51822/source/ble-nrf51822.a(btle.cpp.o)
                0x0001cee8                btle_set_user_evt_handler
 .text.btle_init
                0x0001cef4       0xa4 ym/ble-nrf51822/source/ble-nrf51822.a(btle.cpp.o)
                0x0001cef4                btle_init
 .text.app_error_handler
                0x0001cf98       0x20 ym/ble-nrf51822/source/ble-nrf51822.a(btle.cpp.o)
                0x0001cf98                app_error_handler
 .text._ZN15nRF5xGattServer4readEtPhPt
                0x0001cfb8       0x18 ym/ble-nrf51822/source/ble-nrf51822.a(nRF5xGattServer.cpp.o)
                0x0001cfb8                nRF5xGattServer::read(unsigned short, unsigned char*, unsigned short*)
 .text._ZN15nRF5xGattServer5writeEtPKhtb
                0x0001cfd0       0x1c ym/ble-nrf51822/source/ble-nrf51822.a(nRF5xGattServer.cpp.o)
                0x0001cfd0                nRF5xGattServer::write(unsigned short, unsigned char const*, unsigned short, bool)
 .text._ZN15nRF5xGattServer5writeEttPKhtb
                0x0001cfec       0xf0 ym/ble-nrf51822/source/ble-nrf51822.a(nRF5xGattServer.cpp.o)
                0x0001cfec                nRF5xGattServer::write(unsigned short, unsigned short, unsigned char const*, unsigned short, bool)
 .text._ZN15nRF5xGattServer10addServiceER11GattService
                0x0001d0dc      0x1e0 ym/ble-nrf51822/source/ble-nrf51822.a(nRF5xGattServer.cpp.o)
                0x0001d0dc                nRF5xGattServer::addService(GattService&)
 .text._ZN26FunctionPointerWithContextItEC2EPFvtE
                0x0001d2bc       0x20 ym/ble-nrf51822/source/ble-nrf51822.a(nRF5xGattServer.cpp.o)
                0x0001d2bc                FunctionPointerWithContext<unsigned short>::FunctionPointerWithContext(void (*)(unsigned short))
                0x0001d2bc                FunctionPointerWithContext<unsigned short>::FunctionPointerWithContext(void (*)(unsigned short))
 .text._ZN15nRF5xGattServer5resetEv
                0x0001d2dc       0x50 ym/ble-nrf51822/source/ble-nrf51822.a(nRF5xGattServer.cpp.o)
                0x0001d2dc                nRF5xGattServer::reset()
 .text._ZNK3Gap25getMaxAdvertisingIntervalEv
                0x0001d32c        0x8 ym/ble-nrf51822/source/ble-nrf51822.a(nRF5xn.cpp.o)
                0x0001d32c                Gap::getMaxAdvertisingInterval() const
 .text._ZN10GattClient16discoverServicesEt26FunctionPointerWithContextIPK17DiscoveredServiceERK4UUID
                0x0001d334       0x60 ym/ble-nrf51822/source/ble-nrf51822.a(nRF5xn.cpp.o)
                0x0001d334                GattClient::discoverServices(unsigned short, FunctionPointerWithContext<DiscoveredService const*>, UUID const&)
 .text._ZNK6nRF5xn18getSecurityManagerEv
                0x0001d394       0x34 ym/ble-nrf51822/source/ble-nrf51822.a(nRF5xn.cpp.o)
                0x0001d394                nRF5xn::getSecurityManager() const
 .text._ZN6nRF5xn13getGattClientEv
                0x0001d3c8       0x48 ym/ble-nrf51822/source/ble-nrf51822.a(nRF5xn.cpp.o)
                0x0001d3c8                nRF5xn::getGattClient()
 .text._ZN38CallChainOfFunctionPointersWithContextIPK3GapED2Ev
                0x0001d410       0x20 ym/ble-nrf51822/source/ble-nrf51822.a(nRF5xn.cpp.o)
                0x0001d410                CallChainOfFunctionPointersWithContext<Gap const*>::~CallChainOfFunctionPointersWithContext()
                0x0001d410                CallChainOfFunctionPointersWithContext<Gap const*>::~CallChainOfFunctionPointersWithContext()
 .text._ZN38CallChainOfFunctionPointersWithContextIN3Gap15TimeoutSource_tEED2Ev
                0x0001d430       0x20 ym/ble-nrf51822/source/ble-nrf51822.a(nRF5xn.cpp.o)
                0x0001d430                CallChainOfFunctionPointersWithContext<Gap::TimeoutSource_t>::~CallChainOfFunctionPointersWithContext()
                0x0001d430                CallChainOfFunctionPointersWithContext<Gap::TimeoutSource_t>::~CallChainOfFunctionPointersWithContext()
 .text._ZN38CallChainOfFunctionPointersWithContextIPKN3Gap26ConnectionCallbackParams_tEED2Ev
                0x0001d450       0x20 ym/ble-nrf51822/source/ble-nrf51822.a(nRF5xn.cpp.o)
                0x0001d450                CallChainOfFunctionPointersWithContext<Gap::ConnectionCallbackParams_t const*>::~CallChainOfFunctionPointersWithContext()
                0x0001d450                CallChainOfFunctionPointersWithContext<Gap::ConnectionCallbackParams_t const*>::~CallChainOfFunctionPointersWithContext()
 .text._ZN38CallChainOfFunctionPointersWithContextIPKN3Gap29DisconnectionCallbackParams_tEED2Ev
                0x0001d470       0x20 ym/ble-nrf51822/source/ble-nrf51822.a(nRF5xn.cpp.o)
                0x0001d470                CallChainOfFunctionPointersWithContext<Gap::DisconnectionCallbackParams_t const*>::~CallChainOfFunctionPointersWithContext()
                0x0001d470                CallChainOfFunctionPointersWithContext<Gap::DisconnectionCallbackParams_t const*>::~CallChainOfFunctionPointersWithContext()
 .text._ZN38CallChainOfFunctionPointersWithContextIPK15SecurityManagerED2Ev
                0x0001d490       0x20 ym/ble-nrf51822/source/ble-nrf51822.a(nRF5xn.cpp.o)
                0x0001d490                CallChainOfFunctionPointersWithContext<SecurityManager const*>::~CallChainOfFunctionPointersWithContext()
                0x0001d490                CallChainOfFunctionPointersWithContext<SecurityManager const*>::~CallChainOfFunctionPointersWithContext()
 .text._ZN38CallChainOfFunctionPointersWithContextIPK10GattServerED2Ev
                0x0001d4b0       0x20 ym/ble-nrf51822/source/ble-nrf51822.a(nRF5xn.cpp.o)
                0x0001d4b0                CallChainOfFunctionPointersWithContext<GattServer const*>::~CallChainOfFunctionPointersWithContext()
                0x0001d4b0                CallChainOfFunctionPointersWithContext<GattServer const*>::~CallChainOfFunctionPointersWithContext()
 .text._ZN38CallChainOfFunctionPointersWithContextIjED2Ev
                0x0001d4d0       0x20 ym/ble-nrf51822/source/ble-nrf51822.a(nRF5xn.cpp.o)
                0x0001d4d0                CallChainOfFunctionPointersWithContext<unsigned int>::~CallChainOfFunctionPointersWithContext()
                0x0001d4d0                CallChainOfFunctionPointersWithContext<unsigned int>::~CallChainOfFunctionPointersWithContext()
 .text._ZN38CallChainOfFunctionPointersWithContextIPK32GattSysAttrMissingCallbackParamsED2Ev
                0x0001d4f0       0x20 ym/ble-nrf51822/source/ble-nrf51822.a(nRF5xn.cpp.o)
                0x0001d4f0                CallChainOfFunctionPointersWithContext<GattSysAttrMissingCallbackParams const*>::~CallChainOfFunctionPointersWithContext()
                0x0001d4f0                CallChainOfFunctionPointersWithContext<GattSysAttrMissingCallbackParams const*>::~CallChainOfFunctionPointersWithContext()
 .text._ZN38CallChainOfFunctionPointersWithContextIPK10GattClientED2Ev
                0x0001d510       0x20 ym/ble-nrf51822/source/ble-nrf51822.a(nRF5xn.cpp.o)
                0x0001d510                CallChainOfFunctionPointersWithContext<GattClient const*>::~CallChainOfFunctionPointersWithContext()
                0x0001d510                CallChainOfFunctionPointersWithContext<GattClient const*>::~CallChainOfFunctionPointersWithContext()
 .text._ZN38CallChainOfFunctionPointersWithContextIPK21GattHVXCallbackParamsED2Ev
                0x0001d530       0x20 ym/ble-nrf51822/source/ble-nrf51822.a(nRF5xn.cpp.o)
                0x0001d530                CallChainOfFunctionPointersWithContext<GattHVXCallbackParams const*>::~CallChainOfFunctionPointersWithContext()
                0x0001d530                CallChainOfFunctionPointersWithContext<GattHVXCallbackParams const*>::~CallChainOfFunctionPointersWithContext()
 .text._ZN6nRF5xn10getVersionEv
                0x0001d550       0x74 ym/ble-nrf51822/source/ble-nrf51822.a(nRF5xn.cpp.o)
                0x0001d550                nRF5xn::getVersion()
 .text._ZN6nRF5xn18getSecurityManagerEv
                0x0001d5c4       0x34 ym/ble-nrf51822/source/ble-nrf51822.a(nRF5xn.cpp.o)
                0x0001d5c4                nRF5xn::getSecurityManager()
 .text._ZN6nRF5xnD2Ev
                0x0001d5f8       0x60 ym/ble-nrf51822/source/ble-nrf51822.a(nRF5xn.cpp.o)
                0x0001d5f8                nRF5xn::~nRF5xn()
                0x0001d5f8                nRF5xn::~nRF5xn()
 .text._ZN3Gap5resetEv
                0x0001d658       0xcc ym/ble-nrf51822/source/ble-nrf51822.a(nRF5xn.cpp.o)
                0x0001d658                Gap::reset()
 .text._ZN6nRF5xnC2Ev
                0x0001d724      0x138 ym/ble-nrf51822/source/ble-nrf51822.a(nRF5xn.cpp.o)
                0x0001d724                nRF5xn::nRF5xn()
                0x0001d724                nRF5xn::nRF5xn()
 .text._ZN6nRF5xn8InstanceEj
                0x0001d85c       0x24 ym/ble-nrf51822/source/ble-nrf51822.a(nRF5xn.cpp.o)
                0x0001d85c                nRF5xn::Instance(unsigned int)
 .text._ZN15nRF5xGattServerC2Ev
                0x0001d880       0xa8 ym/ble-nrf51822/source/ble-nrf51822.a(nRF5xn.cpp.o)
                0x0001d880                nRF5xGattServer::nRF5xGattServer()
                0x0001d880                nRF5xGattServer::nRF5xGattServer()
 .text._ZN38CallChainOfFunctionPointersWithContextIPK23GattWriteCallbackParamsED2Ev
                0x0001d928       0x14 ym/ble-nrf51822/source/ble-nrf51822.a(nRF5xn.cpp.o)
                0x0001d928                CallChainOfFunctionPointersWithContext<GattWriteCallbackParams const*>::~CallChainOfFunctionPointersWithContext()
                0x0001d928                CallChainOfFunctionPointersWithContext<GattWriteCallbackParams const*>::~CallChainOfFunctionPointersWithContext()
 .text._ZN38CallChainOfFunctionPointersWithContextIPK22GattReadCallbackParamsED2Ev
                0x0001d93c       0x14 ym/ble-nrf51822/source/ble-nrf51822.a(nRF5xn.cpp.o)
                0x0001d93c                CallChainOfFunctionPointersWithContext<GattReadCallbackParams const*>::~CallChainOfFunctionPointersWithContext()
                0x0001d93c                CallChainOfFunctionPointersWithContext<GattReadCallbackParams const*>::~CallChainOfFunctionPointersWithContext()
 .text.custom_convert_to_nordic_uuid
                0x0001d950       0xa4 ym/ble-nrf51822/source/ble-nrf51822.a(custom_helper.cpp.o)
                0x0001d950                custom_convert_to_nordic_uuid
 .text._ZN8nRF5xGap25getPermittedTxPowerValuesEPPKaPj
                0x0001d9f4       0x10 ym/ble-nrf51822/source/ble-nrf51822.a(nRF5xGap.cpp.o)
                0x0001d9f4                nRF5xGap::getPermittedTxPowerValues(signed char const**, unsigned int*)
 .text._Z31radioNotificationStaticCallbackb
                0x0001da04       0x40 ym/ble-nrf51822/source/ble-nrf51822.a(nRF5xGap.cpp.o)
                0x0001da04                radioNotificationStaticCallback(bool)
 .text._ZN8nRF5xGap21initRadioNotificationEv
                0x0001da44       0x20 ym/ble-nrf51822/source/ble-nrf51822.a(nRF5xGap.cpp.o)
                0x0001da44                nRF5xGap::initRadioNotification()
 .text._ZN8nRF5xGap22generateStackWhitelistER19ble_gap_whitelist_t
                0x0001da64       0xdc ym/ble-nrf51822/source/ble-nrf51822.a(nRF5xGap.cpp.o)
                0x0001da64                nRF5xGap::generateStackWhitelist(ble_gap_whitelist_t&)
 .text._ZN8nRF5xGap16startAdvertisingERK20GapAdvertisingParams
                0x0001db40       0xa8 ym/ble-nrf51822/source/ble-nrf51822.a(nRF5xGap.cpp.o)
                0x0001db40                nRF5xGap::startAdvertising(GapAdvertisingParams const&)
 .text._ZN8nRF5xGap7connectEPKhN11BLEProtocol11AddressType4TypeEPKN3Gap18ConnectionParams_tEPK17GapScanningParams
                0x0001dbe8      0x104 ym/ble-nrf51822/source/ble-nrf51822.a(nRF5xGap.cpp.o)
                0x0001dbe8                nRF5xGap::connect(unsigned char const*, BLEProtocol::AddressType::Type, Gap::ConnectionParams_t const*, GapScanningParams const*)
 .text._Z13btle_gap_initv
                0x0001dcec       0x54 ym/ble-nrf51822/source/ble-nrf51822.a(btle_gap.cpp.o)
                0x0001dcec                btle_gap_init()
 .text._Z27btle_hasInitializedSecurityv
                0x0001dd40        0xc ym/ble-nrf51822/source/ble-nrf51822.a(btle_security.cpp.o)
                0x0001dd40                btle_hasInitializedSecurity()
 .text._Z23btle_initializeSecuritybbN15SecurityManager24SecurityIOCapabilities_tEPKh
                0x0001dd4c       0xc8 ym/ble-nrf51822/source/ble-nrf51822.a(btle_security.cpp.o)
                0x0001dd4c                btle_initializeSecurity(bool, bool, SecurityManager::SecurityIOCapabilities_t, unsigned char const*)
 .text._Z25btle_purgeAllBondingStatev
                0x0001de14       0x20 ym/ble-nrf51822/source/ble-nrf51822.a(btle_security.cpp.o)
                0x0001de14                btle_purgeAllBondingState()
 .text._Z20btle_getLinkSecuritytPN15SecurityManager20LinkSecurityStatus_tE
                0x0001de34       0x54 ym/ble-nrf51822/source/ble-nrf51822.a(btle_security.cpp.o)
                0x0001de34                btle_getLinkSecurity(unsigned short, SecurityManager::LinkSecurityStatus_t*)
 .text._Z20btle_setLinkSecuritytN15SecurityManager14SecurityMode_tE
                0x0001de88       0x4c ym/ble-nrf51822/source/ble-nrf51822.a(btle_security.cpp.o)
                0x0001de88                btle_setLinkSecurity(unsigned short, SecurityManager::SecurityMode_t)
 .text._Z33btle_createWhitelistFromBondTableP19ble_gap_whitelist_t
                0x0001ded4       0x2c ym/ble-nrf51822/source/ble-nrf51822.a(btle_security.cpp.o)
                0x0001ded4                btle_createWhitelistFromBondTable(ble_gap_whitelist_t*)
 .text._ZN17GapScanningParamsC2Etttb
                0x0001df00       0x60 ym/ble/source/ble.a(GapScanningParams.cpp.o)
                0x0001df00                GapScanningParams::GapScanningParams(unsigned short, unsigned short, unsigned short, bool)
                0x0001df00                GapScanningParams::GapScanningParams(unsigned short, unsigned short, unsigned short, bool)
 .text.dfu_app_on_dfu_evt
                0x0001df60      0x16c ym/nrf51-sdk/source/nrf51-sdk.a(dfu_app_handler.c.o)
                0x0001df60                dfu_app_on_dfu_evt
 .text.intern_softdevice_events_execute
                0x0001e0cc       0xa0 ym/nrf51-sdk/source/nrf51-sdk.a(softdevice_handler.c.o)
                0x0001e0cc                intern_softdevice_events_execute
 .text.softdevice_handler_init
                0x0001e16c       0x48 ym/nrf51-sdk/source/nrf51-sdk.a(softdevice_handler.c.o)
                0x0001e16c                softdevice_handler_init
 .text.softdevice_handler_sd_disable
                0x0001e1b4       0x18 ym/nrf51-sdk/source/nrf51-sdk.a(softdevice_handler.c.o)
                0x0001e1b4                softdevice_handler_sd_disable
 .text.softdevice_ble_evt_handler_set
                0x0001e1cc       0x14 ym/nrf51-sdk/source/nrf51-sdk.a(softdevice_handler.c.o)
                0x0001e1cc                softdevice_ble_evt_handler_set
 .text.softdevice_sys_evt_handler_set
                0x0001e1e0       0x14 ym/nrf51-sdk/source/nrf51-sdk.a(softdevice_handler.c.o)
                0x0001e1e0                softdevice_sys_evt_handler_set
 .text.SWI2_IRQHandler
                0x0001e1f4       0x24 ym/nrf51-sdk/source/nrf51-sdk.a(softdevice_handler.c.o)
                0x0001e1f4                SWI2_IRQHandler
 .text.ble_dfu_response_send
                0x0001e218       0x64 ym/nrf51-sdk/source/nrf51-sdk.a(ble_dfu.c.o)
                0x0001e218                ble_dfu_response_send
 .text.gatts_context_store
                0x0001e27c       0xc0 ym/nrf51-sdk/source/nrf51-sdk.a(device_manager_peripheral.c.o)
 .text.device_context_store
                0x0001e33c       0xb0 ym/nrf51-sdk/source/nrf51-sdk.a(device_manager_peripheral.c.o)
 .text.gatts_context_load
                0x0001e3ec       0x34 ym/nrf51-sdk/source/nrf51-sdk.a(device_manager_peripheral.c.o)
 .text.gatts_context_apply
                0x0001e420       0xc4 ym/nrf51-sdk/source/nrf51-sdk.a(device_manager_peripheral.c.o)
 .text.peer_instance_init
                0x0001e4e4       0x48 ym/nrf51-sdk/source/nrf51-sdk.a(device_manager_peripheral.c.o)
 .text.device_instance_free
                0x0001e52c       0x2c ym/nrf51-sdk/source/nrf51-sdk.a(device_manager_peripheral.c.o)
 .text.dm_pstorage_cb_handler
                0x0001e558      0x128 ym/nrf51-sdk/source/nrf51-sdk.a(device_manager_peripheral.c.o)
 .text.dm_init  0x0001e680       0xd4 ym/nrf51-sdk/source/nrf51-sdk.a(device_manager_peripheral.c.o)
                0x0001e680                dm_init
 .text.dm_register
                0x0001e754       0x70 ym/nrf51-sdk/source/nrf51-sdk.a(device_manager_peripheral.c.o)
                0x0001e754                dm_register
 .text.dm_security_status_req
                0x0001e7c4       0x74 ym/nrf51-sdk/source/nrf51-sdk.a(device_manager_peripheral.c.o)
                0x0001e7c4                dm_security_status_req
 .text.dm_whitelist_create
                0x0001e838       0xb8 ym/nrf51-sdk/source/nrf51-sdk.a(device_manager_peripheral.c.o)
                0x0001e838                dm_whitelist_create
 .text.dm_device_delete_all
                0x0001e8f0       0x54 ym/nrf51-sdk/source/nrf51-sdk.a(device_manager_peripheral.c.o)
                0x0001e8f0                dm_device_delete_all
 .text.dm_application_context_set
                0x0001e944        0x8 ym/nrf51-sdk/source/nrf51-sdk.a(device_manager_peripheral.c.o)
                0x0001e944                dm_application_context_set
 .text.dm_peer_addr_get
                0x0001e94c       0x8c ym/nrf51-sdk/source/nrf51-sdk.a(device_manager_peripheral.c.o)
                0x0001e94c                dm_peer_addr_get
 .text.dm_distributed_keys_get
                0x0001e9d8       0xb0 ym/nrf51-sdk/source/nrf51-sdk.a(device_manager_peripheral.c.o)
                0x0001e9d8                dm_distributed_keys_get
 .text.bond_data_load
                0x0001ea88       0x48 ym/nrf51-sdk/source/nrf51-sdk.a(device_manager_peripheral.c.o)
                0x0001ea88                bond_data_load
 .text.address_to_device_id
                0x0001ead0       0x2c ym/nrf51-sdk/source/nrf51-sdk.a(device_manager_peripheral.c.o)
                0x0001ead0                address_to_device_id
 .text.dm_ble_evt_handler
                0x0001eafc      0x38c ym/nrf51-sdk/source/nrf51-sdk.a(device_manager_peripheral.c.o)
                0x0001eafc                dm_ble_evt_handler
 .text.dm_handle_get
                0x0001ee88       0x48 ym/nrf51-sdk/source/nrf51-sdk.a(device_manager_peripheral.c.o)
                0x0001ee88                dm_handle_get
 .text.pstorage_flash_page_end
                0x0001eed0       0x20 ym/nrf51-sdk/source/nrf51-sdk.a(pstorage.c.o)
 .text.swap_sub_state_entry_action_run
                0x0001eef0       0x18 ym/nrf51-sdk/source/nrf51-sdk.a(pstorage.c.o)
 .text.cmd_queue_element_init
                0x0001ef08       0x20 ym/nrf51-sdk/source/nrf51-sdk.a(pstorage.c.o)
 .text.app_notify
                0x0001ef28       0x2c ym/nrf51-sdk/source/nrf51-sdk.a(pstorage.c.o)
 .text.is_page_erase_required
                0x0001ef54       0x50 ym/nrf51-sdk/source/nrf51-sdk.a(pstorage.c.o)
 .text.swap_sub_state_err_busy_process
                0x0001efa4       0x18 ym/nrf51-sdk/source/nrf51-sdk.a(pstorage.c.o)
 .text.data_to_swap_write_state_run
                0x0001efbc       0x30 ym/nrf51-sdk/source/nrf51-sdk.a(pstorage.c.o)
 .text.swap_erase_state_run
                0x0001efec       0x24 ym/nrf51-sdk/source/nrf51-sdk.a(pstorage.c.o)
 .text.flash_api_err_code_process
                0x0001f010       0x40 ym/nrf51-sdk/source/nrf51-sdk.a(pstorage.c.o)
 .text.store_cmd_flash_write_execute
                0x0001f050       0x54 ym/nrf51-sdk/source/nrf51-sdk.a(pstorage.c.o)
 .text.state_restore_head_entry_run
                0x0001f0a4       0x34 ym/nrf51-sdk/source/nrf51-sdk.a(pstorage.c.o)
 .text.state_restore_tail_entry_run
                0x0001f0d8       0x48 ym/nrf51-sdk/source/nrf51-sdk.a(pstorage.c.o)
 .text.state_write_data_swap_entry_run
                0x0001f120       0x2c ym/nrf51-sdk/source/nrf51-sdk.a(pstorage.c.o)
 .text.state_data_erase_entry_run
                0x0001f14c       0x14 ym/nrf51-sdk/source/nrf51-sdk.a(pstorage.c.o)
 .text.state_entry_action_run
                0x0001f160       0xc4 ym/nrf51-sdk/source/nrf51-sdk.a(pstorage.c.o)
 .text.clear_operation_execute
                0x0001f224      0x110 ym/nrf51-sdk/source/nrf51-sdk.a(pstorage.c.o)
 .text.cmd_process
                0x0001f334       0x3c ym/nrf51-sdk/source/nrf51-sdk.a(pstorage.c.o)
 .text.cmd_queue_enqueue
                0x0001f370       0x54 ym/nrf51-sdk/source/nrf51-sdk.a(pstorage.c.o)
 .text.command_end_procedure_run
                0x0001f3c4       0x44 ym/nrf51-sdk/source/nrf51-sdk.a(pstorage.c.o)
 .text.clear_post_processing_run
                0x0001f408       0x2c ym/nrf51-sdk/source/nrf51-sdk.a(pstorage.c.o)
 .text.head_restore_state_run
                0x0001f434       0x9c ym/nrf51-sdk/source/nrf51-sdk.a(pstorage.c.o)
 .text.tail_restore_state_run
                0x0001f4d0       0x1c ym/nrf51-sdk/source/nrf51-sdk.a(pstorage.c.o)
 .text.data_page_erase_state_run
                0x0001f4ec       0x78 ym/nrf51-sdk/source/nrf51-sdk.a(pstorage.c.o)
 .text.flash_operation_success_run
                0x0001f564       0x98 ym/nrf51-sdk/source/nrf51-sdk.a(pstorage.c.o)
 .text.pstorage_sys_event_handler
                0x0001f5fc       0x68 ym/nrf51-sdk/source/nrf51-sdk.a(pstorage.c.o)
                0x0001f5fc                pstorage_sys_event_handler
 .text.pstorage_init
                0x0001f664       0x70 ym/nrf51-sdk/source/nrf51-sdk.a(pstorage.c.o)
                0x0001f664                pstorage_init
 .text.pstorage_register
                0x0001f6d4       0xbc ym/nrf51-sdk/source/nrf51-sdk.a(pstorage.c.o)
                0x0001f6d4                pstorage_register
 .text.pstorage_block_identifier_get
                0x0001f790       0x4c ym/nrf51-sdk/source/nrf51-sdk.a(pstorage.c.o)
                0x0001f790                pstorage_block_identifier_get
 .text.pstorage_store
                0x0001f7dc       0x78 ym/nrf51-sdk/source/nrf51-sdk.a(pstorage.c.o)
                0x0001f7dc                pstorage_store
 .text.pstorage_update
                0x0001f854       0x78 ym/nrf51-sdk/source/nrf51-sdk.a(pstorage.c.o)
                0x0001f854                pstorage_update
 .text.pstorage_load
                0x0001f8cc       0x94 ym/nrf51-sdk/source/nrf51-sdk.a(pstorage.c.o)
                0x0001f8cc                pstorage_load
 .text.pstorage_clear
                0x0001f960       0x84 ym/nrf51-sdk/source/nrf51-sdk.a(pstorage.c.o)
                0x0001f960                pstorage_clear
 .text.bootloader_util_app_start
                0x0001f9e4       0x3c ym/nrf51-sdk/source/nrf51-sdk.a(bootloader_util.c.o)
                0x0001f9e4                bootloader_util_app_start
 .text.SWI1_IRQHandler
                0x0001fa20       0x20 ym/nrf51-sdk/source/nrf51-sdk.a(ble_radio_notification.c.o)
                0x0001fa20                SWI1_IRQHandler
 .text.ble_radio_notification_init
                0x0001fa40       0x38 ym/nrf51-sdk/source/nrf51-sdk.a(ble_radio_notification.c.o)
                0x0001fa40                ble_radio_notification_init
 .text._ZN4mbed3I2CC2E7PinNameS1_
                0x0001fa78       0x30 ym/mbed-classic/existing/mbed-classic.a(I2C.cpp.o)
                0x0001fa78                mbed::I2C::I2C(PinName, PinName)
                0x0001fa78                mbed::I2C::I2C(PinName, PinName)
 .text._ZN4mbed3I2C6aquireEv
                0x0001faa8       0x1c ym/mbed-classic/existing/mbed-classic.a(I2C.cpp.o)
                0x0001faa8                mbed::I2C::aquire()
 .text._ZN4mbed11InterruptInD2Ev
                0x0001fac4       0x18 ym/mbed-classic/existing/mbed-classic.a(InterruptIn.cpp.o)
                0x0001fac4                mbed::InterruptIn::~InterruptIn()
                0x0001fac4                mbed::InterruptIn::~InterruptIn()
 .text._ZN4mbed11InterruptInC2E7PinName
                0x0001fadc       0x48 ym/mbed-classic/existing/mbed-classic.a(InterruptIn.cpp.o)
                0x0001fadc                mbed::InterruptIn::InterruptIn(PinName)
                0x0001fadc                mbed::InterruptIn::InterruptIn(PinName)
 .text._ZN4mbed9RawSerialC2E7PinNameS1_
                0x0001fb24       0x14 ym/mbed-classic/existing/mbed-classic.a(RawSerial.cpp.o)
                0x0001fb24                mbed::RawSerial::RawSerial(PinName, PinName)
                0x0001fb24                mbed::RawSerial::RawSerial(PinName, PinName)
 .text._ZN4mbed10SerialBaseC2E7PinNameS1_
                0x0001fb38       0x3c ym/mbed-classic/existing/mbed-classic.a(SerialBase.cpp.o)
                0x0001fb38                mbed::SerialBase::SerialBase(PinName, PinName)
                0x0001fb38                mbed::SerialBase::SerialBase(PinName, PinName)
 .text._ZN4mbed6TickerD2Ev
                0x0001fb74       0x1c ym/mbed-classic/existing/mbed-classic.a(Ticker.cpp.o)
                0x0001fb74                mbed::Ticker::~Ticker()
                0x0001fb74                mbed::Ticker::~Ticker()
 .text._ZN4mbed7TimeoutD2Ev
                0x0001fb90       0x1c ym/mbed-classic/existing/mbed-classic.a(Timeout.cpp.o)
                0x0001fb90                mbed::Timeout::~Timeout()
                0x0001fb90                mbed::Timeout::~Timeout()
 .text._ZN4mbed10TimerEventC2Ev
                0x0001fbac       0x2c ym/mbed-classic/existing/mbed-classic.a(TimerEvent.cpp.o)
                0x0001fbac                mbed::TimerEvent::TimerEvent()
                0x0001fbac                mbed::TimerEvent::TimerEvent()
 .text._ZN4mbed10TimerEventD2Ev
                0x0001fbd8       0x18 ym/mbed-classic/existing/mbed-classic.a(TimerEvent.cpp.o)
                0x0001fbd8                mbed::TimerEvent::~TimerEvent()
                0x0001fbd8                mbed::TimerEvent::~TimerEvent()
 .text.get_us_ticker_data
                0x0001fbf0        0x8 ym/mbed-classic/existing/mbed-classic.a(us_ticker_api.c.o)
                0x0001fbf0                get_us_ticker_data
 .text.us_ticker_irq_handler
                0x0001fbf8       0x10 ym/mbed-classic/existing/mbed-classic.a(us_ticker_api.c.o)
                0x0001fbf8                us_ticker_irq_handler
 .text          0x0001fc08       0x48 ym/mbed-classic/existing/mbed-classic.a(startup_NRF51822.S.obj)
                0x0001fc08                Reset_Handler
                0x0001fc44                NMI_Handler
                0x0001fc46                HardFault_Handler
                0x0001fc48                SVC_Handler
                0x0001fc4a                PendSV_Handler
                0x0001fc4c                SysTick_Handler
                0x0001fc4e                POWER_CLOCK_IRQHandler
                0x0001fc4e                RTC0_IRQHandler
                0x0001fc4e                SWI4_IRQHandler
                0x0001fc4e                TEMP_IRQHandler
                0x0001fc4e                QDEC_IRQHandler
                0x0001fc4e                SWI5_IRQHandler
                0x0001fc4e                TIMER0_IRQHandler
                0x0001fc4e                LPCOMP_IRQHandler
                0x0001fc4e                SWI0_IRQHandler
                0x0001fc4e                ECB_IRQHandler
                0x0001fc4e                Default_Handler
                0x0001fc4e                ADC_IRQHandler
                0x0001fc4e                SWI3_IRQHandler
                0x0001fc4e                CCM_AAR_IRQHandler
                0x0001fc4e                WDT_IRQHandler
                0x0001fc4e                SPI0_TWI0_IRQHandler
                0x0001fc4e                RNG_IRQHandler
                0x0001fc4e                SPI1_TWI1_IRQHandler
                0x0001fc4e                RTC1_IRQHandler
 .text.gpio_init
                0x0001fc50       0x30 ym/mbed-classic/existing/mbed-classic.a(gpio_api.c.o)
                0x0001fc50                gpio_init
 .text.GPIOTE_IRQHandler
                0x0001fc80       0xf4 ym/mbed-classic/existing/mbed-classic.a(gpio_irq_api.c.o)
                0x0001fc80                GPIOTE_IRQHandler
 .text.gpio_irq_init
                0x0001fd74       0x60 ym/mbed-classic/existing/mbed-classic.a(gpio_irq_api.c.o)
                0x0001fd74                gpio_irq_init
 .text.gpio_irq_free
                0x0001fdd4       0x10 ym/mbed-classic/existing/mbed-classic.a(gpio_irq_api.c.o)
                0x0001fdd4                gpio_irq_free
 .text.gpio_irq_set
                0x0001fde4       0x9c ym/mbed-classic/existing/mbed-classic.a(gpio_irq_api.c.o)
                0x0001fde4                gpio_irq_set
 .text.i2c_do_write
                0x0001fe80       0x28 ym/mbed-classic/existing/mbed-classic.a(i2c_api.c.o)
                0x0001fe80                i2c_do_write
 .text.i2c_do_read
                0x0001fea8       0x3c ym/mbed-classic/existing/mbed-classic.a(i2c_api.c.o)
                0x0001fea8                i2c_do_read
 .text.i2c_frequency
                0x0001fee4       0x48 ym/mbed-classic/existing/mbed-classic.a(i2c_api.c.o)
                0x0001fee4                i2c_frequency
 .text.twi_master_init
                0x0001ff2c       0x48 ym/mbed-classic/existing/mbed-classic.a(i2c_api.c.o)
                0x0001ff2c                twi_master_init
 .text.i2c_init
                0x0001ff74       0xc4 ym/mbed-classic/existing/mbed-classic.a(i2c_api.c.o)
                0x0001ff74                i2c_init
 .text.i2c_reset
                0x00020038       0x30 ym/mbed-classic/existing/mbed-classic.a(i2c_api.c.o)
                0x00020038                i2c_reset
 .text.i2c_stop
                0x00020068       0x34 ym/mbed-classic/existing/mbed-classic.a(i2c_api.c.o)
                0x00020068                i2c_stop
 .text.checkError
                0x0002009c       0x28 ym/mbed-classic/existing/mbed-classic.a(i2c_api.c.o)
                0x0002009c                checkError
 .text.port_init
                0x000200c4       0x28 ym/mbed-classic/existing/mbed-classic.a(port_api.c.o)
                0x000200c4                port_init
 .text.pwm_disconnect
                0x000200ec       0x60 ym/mbed-classic/existing/mbed-classic.a(pwmout_api.c.o)
 .text.TIMER2_IRQHandler
                0x0002014c       0x68 ym/mbed-classic/existing/mbed-classic.a(pwmout_api.c.o)
                0x0002014c                TIMER2_IRQHandler
 .text.serial_baud.part.0
                0x000201b4       0x38 ym/mbed-classic/existing/mbed-classic.a(serial_api.c.o)
 .text.serial_init
                0x000201ec       0xb8 ym/mbed-classic/existing/mbed-classic.a(serial_api.c.o)
                0x000201ec                serial_init
 .text.serial_baud
                0x000202a4       0x20 ym/mbed-classic/existing/mbed-classic.a(serial_api.c.o)
                0x000202a4                serial_baud
 .text.UART0_IRQHandler
                0x000202c4       0x4c ym/mbed-classic/existing/mbed-classic.a(serial_api.c.o)
                0x000202c4                UART0_IRQHandler
 .text.serial_irq_handler
                0x00020310       0x18 ym/mbed-classic/existing/mbed-classic.a(serial_api.c.o)
                0x00020310                serial_irq_handler
 .text.twi_master_clear_bus
                0x00020328       0xb0 ym/mbed-classic/existing/mbed-classic.a(twi_master.c.o)
 .text.twi_master_init_and_clear
                0x000203d8       0x74 ym/mbed-classic/existing/mbed-classic.a(twi_master.c.o)
                0x000203d8                twi_master_init_and_clear
 .text.tmr1_getCounter64
                0x0002044c       0x50 ym/mbed-classic/existing/mbed-classic.a(us_ticker.c.o)
 .text.TIMER1_IRQHandler
                0x0002049c       0x50 ym/mbed-classic/existing/mbed-classic.a(us_ticker.c.o)
                0x0002049c                TIMER1_IRQHandler
 .text.us_ticker_init
                0x000204ec       0x8c ym/mbed-classic/existing/mbed-classic.a(us_ticker.c.o)
                0x000204ec                us_ticker_init
 .text.us_ticker_read
                0x00020578       0x18 ym/mbed-classic/existing/mbed-classic.a(us_ticker.c.o)
                0x00020578                us_ticker_read
 .text.us_ticker_set_interrupt
                0x00020590       0x54 ym/mbed-classic/existing/mbed-classic.a(us_ticker.c.o)
                0x00020590                us_ticker_set_interrupt
 .text.SystemInit
                0x000205e4       0xac ym/mbed-classic/existing/mbed-classic.a(system_nrf51.c.o)
                0x000205e4                SystemInit
 .text._ZSt15get_new_handlerv
                0x00020690        0xc c:/progra~2/gnuarm~1/102020~1/bin/../lib/gcc/arm-none-eabi/10.2.1/../../../../arm-none-eabi/lib/thumb/v6-m/nofp\libstdc++_nano.a(new_handler.o)
                0x00020690                std::get_new_handler()
 .text          0x0002069c       0x14 c:/progra~2/gnuarm~1/102020~1/bin/../lib/gcc/arm-none-eabi/10.2.1/thumb/v6-m/nofp\libgcc.a(_thumb1_case_uqi.o)
                0x0002069c                __gnu_thumb1_case_uqi
 .text          0x000206b0       0x14 c:/progra~2/gnuarm~1/102020~1/bin/../lib/gcc/arm-none-eabi/10.2.1/thumb/v6-m/nofp\libgcc.a(_thumb1_case_uhi.o)
                0x000206b0                __gnu_thumb1_case_uhi
 .text          0x000206c4      0x114 c:/progra~2/gnuarm~1/102020~1/bin/../lib/gcc/arm-none-eabi/10.2.1/thumb/v6-m/nofp\libgcc.a(_udivsi3.o)
                0x000206c4                __aeabi_uidiv
                0x000206c4                __udivsi3
                0x000207d0                __aeabi_uidivmod
 .text          0x000207d8      0x1d4 c:/progra~2/gnuarm~1/102020~1/bin/../lib/gcc/arm-none-eabi/10.2.1/thumb/v6-m/nofp\libgcc.a(_divsi3.o)
                0x000207d8                __divsi3
                0x000207d8                __aeabi_idiv
                0x000209a4                __aeabi_idivmod
 .text          0x000209ac        0x4 c:/progra~2/gnuarm~1/102020~1/bin/../lib/gcc/arm-none-eabi/10.2.1/thumb/v6-m/nofp\libgcc.a(_dvmd_tls.o)
                0x000209ac                __aeabi_idiv0
                0x000209ac                __aeabi_ldiv0
 .text          0x000209b0       0x74 c:/progra~2/gnuarm~1/102020~1/bin/../lib/gcc/arm-none-eabi/10.2.1/thumb/v6-m/nofp\libgcc.a(_arm_cmpsf2.o)
                0x000209b0                __aeabi_cfrcmple
                0x000209b8                __aeabi_cfcmpeq
                0x000209b8                __aeabi_cfcmple
                0x000209c8                __aeabi_fcmpeq
                0x000209d4                __aeabi_fcmplt
                0x000209e8                __aeabi_fcmple
                0x000209fc                __aeabi_fcmpgt
                0x00020a10                __aeabi_fcmpge
 .text          0x00020a24       0x40 c:/progra~2/gnuarm~1/102020~1/bin/../lib/gcc/arm-none-eabi/10.2.1/thumb/v6-m/nofp\libgcc.a(_aeabi_uldivmod.o)
                0x00020a24                __aeabi_uldivmod
 .text          0x00020a64      0x198 c:/progra~2/gnuarm~1/102020~1/bin/../lib/gcc/arm-none-eabi/10.2.1/thumb/v6-m/nofp\libgcc.a(_udivmoddi4.o)
                0x00020a64                __udivmoddi4
 .text          0x00020bfc      0x33c c:/progra~2/gnuarm~1/102020~1/bin/../lib/gcc/arm-none-eabi/10.2.1/thumb/v6-m/nofp\libgcc.a(addsf3.o)
                0x00020bfc                __aeabi_fadd
 .text          0x00020f38      0x230 c:/progra~2/gnuarm~1/102020~1/bin/../lib/gcc/arm-none-eabi/10.2.1/thumb/v6-m/nofp\libgcc.a(divsf3.o)
                0x00020f38                __aeabi_fdiv
 .text          0x00021168       0x4c c:/progra~2/gnuarm~1/102020~1/bin/../lib/gcc/arm-none-eabi/10.2.1/thumb/v6-m/nofp\libgcc.a(eqsf2.o)
                0x00021168                __eqsf2
                0x00021168                __nesf2
 .text          0x000211b4       0x8c c:/progra~2/gnuarm~1/102020~1/bin/../lib/gcc/arm-none-eabi/10.2.1/thumb/v6-m/nofp\libgcc.a(gesf2.o)
                0x000211b4                __gesf2
                0x000211b4                __gtsf2
 .text          0x00021240       0x88 c:/progra~2/gnuarm~1/102020~1/bin/../lib/gcc/arm-none-eabi/10.2.1/thumb/v6-m/nofp\libgcc.a(lesf2.o)
                0x00021240                __ltsf2
                0x00021240                __lesf2
 .text          0x000212c8      0x24c c:/progra~2/gnuarm~1/102020~1/bin/../lib/gcc/arm-none-eabi/10.2.1/thumb/v6-m/nofp\libgcc.a(mulsf3.o)
                0x000212c8                __aeabi_fmul
 .text          0x00021514      0x35c c:/progra~2/gnuarm~1/102020~1/bin/../lib/gcc/arm-none-eabi/10.2.1/thumb/v6-m/nofp\libgcc.a(subsf3.o)
                0x00021514                __aeabi_fsub
 .text          0x00021870       0x40 c:/progra~2/gnuarm~1/102020~1/bin/../lib/gcc/arm-none-eabi/10.2.1/thumb/v6-m/nofp\libgcc.a(fixsfsi.o)
                0x00021870                __aeabi_f2iz
 .text          0x000218b0       0x9c c:/progra~2/gnuarm~1/102020~1/bin/../lib/gcc/arm-none-eabi/10.2.1/thumb/v6-m/nofp\libgcc.a(floatsisf.o)
                0x000218b0                __aeabi_i2f
 .text          0x0002194c       0x3c c:/progra~2/gnuarm~1/102020~1/bin/../lib/gcc/arm-none-eabi/10.2.1/thumb/v6-m/nofp\libgcc.a(_clzsi2.o)
                0x0002194c                __clzsi2
 .text          0x00021988       0x18 c:/progra~2/gnuarm~1/102020~1/bin/../lib/gcc/arm-none-eabi/10.2.1/thumb/v6-m/nofp\libgcc.a(_clzdi2.o)
                0x00021988                __clzdi2
 .text.sqrtf    0x000219a0       0x48 c:/progra~2/gnuarm~1/102020~1/bin/../lib/gcc/arm-none-eabi/10.2.1/../../../../arm-none-eabi/lib/thumb/v6-m/nofp\libm.a(lib_a-wf_sqrt.o)
                0x000219a0                sqrtf
 .text.__ieee754_sqrtf
                0x000219e8       0xb0 c:/progra~2/gnuarm~1/102020~1/bin/../lib/gcc/arm-none-eabi/10.2.1/../../../../arm-none-eabi/lib/thumb/v6-m/nofp\libm.a(lib_a-ef_sqrt.o)
                0x000219e8                __ieee754_sqrtf
 .text.__cxa_atexit
                0x00021a98       0x1c c:/progra~2/gnuarm~1/102020~1/bin/../lib/gcc/arm-none-eabi/10.2.1/../../../../arm-none-eabi/lib/thumb/v6-m/nofp\libc_nano.a(lib_a-cxa_atexit.o)
                0x00021a98                __cxa_atexit
 .text.__errno  0x00021ab4        0xc c:/progra~2/gnuarm~1/102020~1/bin/../lib/gcc/arm-none-eabi/10.2.1/../../../../arm-none-eabi/lib/thumb/v6-m/nofp\libc_nano.a(lib_a-errno.o)
                0x00021ab4                __errno
 .text.exit     0x00021ac0       0x2c c:/progra~2/gnuarm~1/102020~1/bin/../lib/gcc/arm-none-eabi/10.2.1/../../../../arm-none-eabi/lib/thumb/v6-m/nofp\libc_nano.a(lib_a-exit.o)
                0x00021ac0                exit
 .text.__libc_init_array
                0x00021aec       0x48 c:/progra~2/gnuarm~1/102020~1/bin/../lib/gcc/arm-none-eabi/10.2.1/../../../../arm-none-eabi/lib/thumb/v6-m/nofp\libc_nano.a(lib_a-init.o)
                0x00021aec                __libc_init_array
 .text.raise    0x00021b34       0x14 c:/progra~2/gnuarm~1/102020~1/bin/../lib/gcc/arm-none-eabi/10.2.1/../../../../arm-none-eabi/lib/thumb/v6-m/nofp\libc_nano.a(lib_a-signal.o)
                0x00021b34                raise
 .text._kill_r  0x00021b48       0x24 c:/progra~2/gnuarm~1/102020~1/bin/../lib/gcc/arm-none-eabi/10.2.1/../../../../arm-none-eabi/lib/thumb/v6-m/nofp\libc_nano.a(lib_a-signalr.o)
                0x00021b48                _kill_r
 .text.snprintf
                0x00021b6c       0x68 c:/progra~2/gnuarm~1/102020~1/bin/../lib/gcc/arm-none-eabi/10.2.1/../../../../arm-none-eabi/lib/thumb/v6-m/nofp\libc_nano.a(lib_a-snprintf.o)
                0x00021b6c                sniprintf
                0x00021b6c                snprintf
 .text.__ssputs_r
                0x00021bd4       0xc4 c:/progra~2/gnuarm~1/102020~1/bin/../lib/gcc/arm-none-eabi/10.2.1/../../../../arm-none-eabi/lib/thumb/v6-m/nofp\libc_nano.a(lib_a-nano-svfprintf.o)
                0x00021bd4                __ssputs_r
 .text._svfprintf_r
                0x00021c98      0x200 c:/progra~2/gnuarm~1/102020~1/bin/../lib/gcc/arm-none-eabi/10.2.1/../../../../arm-none-eabi/lib/thumb/v6-m/nofp\libc_nano.a(lib_a-nano-svfprintf.o)
                0x00021c98                _svfiprintf_r
                0x00021c98                _svfprintf_r
 .text._printf_i
                0x00021e98      0x224 c:/progra~2/gnuarm~1/102020~1/bin/../lib/gcc/arm-none-eabi/10.2.1/../../../../arm-none-eabi/lib/thumb/v6-m/nofp\libc_nano.a(lib_a-nano-vfprintf_i.o)
                0x00021e98                _printf_i
 .text          0x000220bc       0x14 c:/progra~2/gnuarm~1/102020~1/bin/../lib/gcc/arm-none-eabi/10.2.1/thumb/v6-m/nofp\libgcc.a(_thumb1_case_shi.o)
                0x000220bc                __gnu_thumb1_case_shi
 .text          0x000220d0       0x2c c:/progra~2/gnuarm~1/102020~1/bin/../lib/gcc/arm-none-eabi/10.2.1/thumb/v6-m/nofp\libgcc.a(unordsf2.o)
                0x000220d0                __aeabi_fcmpun
 .text._getpid  0x000220fc       0x10 c:/progra~2/gnuarm~1/102020~1/bin/../lib/gcc/arm-none-eabi/10.2.1/../../../../arm-none-eabi/lib/thumb/v6-m/nofp\libnosys.a(getpid.o)
                0x000220fc                _getpid
 .text._kill    0x0002210c       0x10 c:/progra~2/gnuarm~1/102020~1/bin/../lib/gcc/arm-none-eabi/10.2.1/../../../../arm-none-eabi/lib/thumb/v6-m/nofp\libnosys.a(kill.o)
                0x0002210c                _kill
 .text._ZN14MicroBitSerialD0Ev
                0x0002211c       0x12 source/CMakeFiles/microbitv1template.dir/C_/Microbit/MicroBitV1Template/source/main.cpp.o
                0x0002211c                MicroBitSerial::~MicroBitSerial()
 .text._ZN4mbed19FunctionPointerArg1IvvE12membercallerI8MicroBitEEvPvPj
                0x0002212e       0x16 ym/microbit/source/microbit.a(MicroBit.cpp.o)
                0x0002212e                void mbed::FunctionPointerArg1<void, void>::membercaller<MicroBit>(void*, unsigned int*)
 .text._ZN8MicroBit5resetEv
                0x00022144       0x32 ym/microbit/source/microbit.a(MicroBit.cpp.o)
                0x00022144                MicroBit::reset()
 .text._ZN22MemberFunctionCallback10methodCallI8MicroBitEEvPvPm13MicroBitEvent
                0x00022176       0x40 ym/microbit/source/microbit.a(MicroBit.cpp.o)
                0x00022176                void MemberFunctionCallback::methodCall<MicroBit>(void*, unsigned long*, MicroBitEvent)
 .text._ZN8MicroBit25onListenerRegisteredEventE13MicroBitEvent
                0x000221b6       0x76 ym/microbit/source/microbit.a(MicroBit.cpp.o)
                0x000221b6                MicroBit::onListenerRegisteredEvent(MicroBitEvent)
 .text._ZN8MicroBit9getSerialEv
                0x0002222c       0x3a ym/microbit/source/microbit.a(MicroBit.cpp.o)
                0x0002222c                MicroBit::getSerial()
 .text._ZL30sd_rand_application_vector_getPhh
                0x00022266        0x4 ym/microbit-dal/source/microbit-dal.a(MicroBitDevice.cpp.o)
 .text._ZL24sd_softdevice_is_enabledPh
                0x0002226a        0x4 ym/microbit-dal/source/microbit-dal.a(MicroBitDevice.cpp.o)
 .text._Z11ble_runningv
                0x0002226e       0x1c ym/microbit-dal/source/microbit-dal.a(MicroBitDevice.cpp.o)
                0x0002226e                ble_running()
 .text._Z22microbit_serial_numberv
                0x0002228a        0x8 ym/microbit-dal/source/microbit-dal.a(MicroBitDevice.cpp.o)
                0x0002228a                microbit_serial_number()
 .text._Z14microbit_resetv
                0x00022292        0x6 ym/microbit-dal/source/microbit-dal.a(MicroBitDevice.cpp.o)
                0x00022292                microbit_reset()
 .text._ZN17MicroBitComponent8idleTickEv
                0x00022298        0x2 ym/microbit-dal/source/microbit-dal.a(MicroBitFiber.cpp.o)
                0x00022298                MicroBitComponent::idleTick()
 .text._ZN27MicroBitSystemTimerCallback10systemTickEv
                0x0002229a        0x8 ym/microbit-dal/source/microbit-dal.a(MicroBitFiber.cpp.o)
                0x0002229a                MicroBitSystemTimerCallback::systemTick()
 .text._ZN27MicroBitSystemTimerCallbackD2Ev
                0x000222a2        0x2 ym/microbit-dal/source/microbit-dal.a(MicroBitFiber.cpp.o)
                0x000222a2                MicroBitSystemTimerCallback::~MicroBitSystemTimerCallback()
                0x000222a2                MicroBitSystemTimerCallback::~MicroBitSystemTimerCallback()
 .text._ZN27MicroBitSystemTimerCallbackD0Ev
                0x000222a4        0xc ym/microbit-dal/source/microbit-dal.a(MicroBitFiber.cpp.o)
                0x000222a4                MicroBitSystemTimerCallback::~MicroBitSystemTimerCallback()
 .text._ZN10EventModel6listenEiiPFv13MicroBitEventEt.isra.0
                0x000222b0       0x4c ym/microbit-dal/source/microbit-dal.a(MicroBitFiber.cpp.o)
 .text._Z11queue_fiberP5FiberPS0_
                0x000222fc       0x20 ym/microbit-dal/source/microbit-dal.a(MicroBitFiber.cpp.o)
                0x000222fc                queue_fiber(Fiber*, Fiber**)
 .text._Z13dequeue_fiberP5Fiber
                0x0002231c       0x2c ym/microbit-dal/source/microbit-dal.a(MicroBitFiber.cpp.o)
                0x0002231c                dequeue_fiber(Fiber*)
 .text._Z20fiber_wait_for_eventtt
                0x00022348       0x12 ym/microbit-dal/source/microbit-dal.a(MicroBitFiber.cpp.o)
                0x00022348                fiber_wait_for_event(unsigned short, unsigned short)
 .text._Z16launch_new_fiberPFvvES0_
                0x0002235a        0xe ym/microbit-dal/source/microbit-dal.a(MicroBitFiber.cpp.o)
                0x0002235a                launch_new_fiber(void (*)(), void (*)())
 .text._Z22launch_new_fiber_paramPFvPvES1_S_
                0x00022368       0x18 ym/microbit-dal/source/microbit-dal.a(MicroBitFiber.cpp.o)
                0x00022368                launch_new_fiber_param(void (*)(void*), void (*)(void*), void*)
 .text._Z9idle_taskv
                0x00022380        0xc ym/microbit-dal/source/microbit-dal.a(MicroBitFiber.cpp.o)
                0x00022380                idle_task()
 .text._ZN12MicroBitLockC2Ev
                0x0002238c        0x8 ym/microbit-dal/source/microbit-dal.a(MicroBitFiber.cpp.o)
                0x0002238c                MicroBitLock::MicroBitLock()
                0x0002238c                MicroBitLock::MicroBitLock()
 .text._Z15microbit_mallocjR14HeapDefinition
                0x00022394       0x8a ym/microbit-dal/source/microbit-dal.a(MicroBitHeapAllocator.cpp.o)
                0x00022394                microbit_malloc(unsigned int, HeapDefinition&)
 .text.microbit_realloc
                0x0002241e       0x34 ym/microbit-dal/source/microbit-dal.a(MicroBitHeapAllocator.cpp.o)
                0x0002241e                microbit_realloc